// Validating benchmarks:
// ***** BenchmarkRunner: Start   *****
// ***** Found 21 benchmark(s) in total *****
// ***** Building 1 exe(s) in Parallel: Start   *****
// start dotnet  restore --nodeReuse:false /p:UseSharedCompilation=false /p:Deterministic=true /p:Optimize=true /p:ArtifactsPath="C:\Users\Dylan\Documents\ArbolGenealogico-Rendimiento\Arbol-Genealogico\ArbolBenchMark\bin\Release\net10.0\ArbolBenchmark-DefaultJob-1/" /p:OutDir="C:\Users\Dylan\Documents\ArbolGenealogico-Rendimiento\Arbol-Genealogico\ArbolBenchMark\bin\Release\net10.0\ArbolBenchmark-DefaultJob-1\bin\Release\net10.0/" /p:OutputPath="C:\Users\Dylan\Documents\ArbolGenealogico-Rendimiento\Arbol-Genealogico\ArbolBenchMark\bin\Release\net10.0\ArbolBenchmark-DefaultJob-1\bin\Release\net10.0/" /p:PublishDir="C:\Users\Dylan\Documents\ArbolGenealogico-Rendimiento\Arbol-Genealogico\ArbolBenchMark\bin\Release\net10.0\ArbolBenchmark-DefaultJob-1\publish/" in C:\Users\Dylan\Documents\ArbolGenealogico-Rendimiento\Arbol-Genealogico\ArbolBenchMark\bin\Release\net10.0\ArbolBenchmark-DefaultJob-1
// command took 1.33 sec and exited with 0
// start dotnet  build -c Release --no-restore --nodeReuse:false /p:UseSharedCompilation=false /p:Deterministic=true /p:Optimize=true /p:ArtifactsPath="C:\Users\Dylan\Documents\ArbolGenealogico-Rendimiento\Arbol-Genealogico\ArbolBenchMark\bin\Release\net10.0\ArbolBenchmark-DefaultJob-1/" /p:OutDir="C:\Users\Dylan\Documents\ArbolGenealogico-Rendimiento\Arbol-Genealogico\ArbolBenchMark\bin\Release\net10.0\ArbolBenchmark-DefaultJob-1\bin\Release\net10.0/" /p:OutputPath="C:\Users\Dylan\Documents\ArbolGenealogico-Rendimiento\Arbol-Genealogico\ArbolBenchMark\bin\Release\net10.0\ArbolBenchmark-DefaultJob-1\bin\Release\net10.0/" /p:PublishDir="C:\Users\Dylan\Documents\ArbolGenealogico-Rendimiento\Arbol-Genealogico\ArbolBenchMark\bin\Release\net10.0\ArbolBenchmark-DefaultJob-1\publish/" --output "C:\Users\Dylan\Documents\ArbolGenealogico-Rendimiento\Arbol-Genealogico\ArbolBenchMark\bin\Release\net10.0\ArbolBenchmark-DefaultJob-1\bin\Release\net10.0/" in C:\Users\Dylan\Documents\ArbolGenealogico-Rendimiento\Arbol-Genealogico\ArbolBenchMark\bin\Release\net10.0\ArbolBenchmark-DefaultJob-1
// command took 10 sec and exited with 0
// ***** Done, took 00:00:11 (11.44 sec)   *****
// Found 21 benchmarks:
//   GrafoBenchmark.ObtenerErroresValidacion: DefaultJob [N=10]
//   GrafoBenchmark.CalcularDistancia: DefaultJob [N=10]
//   GrafoBenchmark.AgregarPersona: DefaultJob [N=10]
//   GrafoBenchmark.ConstruirAristas: DefaultJob [N=10]
//   GrafoBenchmark.DistanciaPromedio: DefaultJob [N=10]
//   GrafoBenchmark.ParMasLejano: DefaultJob [N=10]
//   GrafoBenchmark.ParMasCercano: DefaultJob [N=10]
//   GrafoBenchmark.ObtenerErroresValidacion: DefaultJob [N=20]
//   GrafoBenchmark.CalcularDistancia: DefaultJob [N=20]
//   GrafoBenchmark.AgregarPersona: DefaultJob [N=20]
//   GrafoBenchmark.ConstruirAristas: DefaultJob [N=20]
//   GrafoBenchmark.DistanciaPromedio: DefaultJob [N=20]
//   GrafoBenchmark.ParMasLejano: DefaultJob [N=20]
//   GrafoBenchmark.ParMasCercano: DefaultJob [N=20]
//   GrafoBenchmark.ObtenerErroresValidacion: DefaultJob [N=30]
//   GrafoBenchmark.CalcularDistancia: DefaultJob [N=30]
//   GrafoBenchmark.AgregarPersona: DefaultJob [N=30]
//   GrafoBenchmark.ConstruirAristas: DefaultJob [N=30]
//   GrafoBenchmark.DistanciaPromedio: DefaultJob [N=30]
//   GrafoBenchmark.ParMasLejano: DefaultJob [N=30]
//   GrafoBenchmark.ParMasCercano: DefaultJob [N=30]

Setup power plan (GUID: 8c5e7fda-e8bf-4a96-9a85-a6e23a8c635c FriendlyName: Alto rendimiento)
// **************************
// Benchmark: GrafoBenchmark.ObtenerErroresValidacion: DefaultJob [N=10]
// *** Execute ***
// Launch: 1 / 1
// Execute: dotnet ArbolBenchmark-DefaultJob-1.dll --anonymousPipes 1612 1260 --benchmarkName "GrafoBenchmark.ObtenerErroresValidacion(N: 10)" --job Default --benchmarkId 0 in C:\Users\Dylan\Documents\ArbolGenealogico-Rendimiento\Arbol-Genealogico\ArbolBenchMark\bin\Release\net10.0\ArbolBenchmark-DefaultJob-1\bin\Release\net10.0
// BeforeAnythingElse

// Benchmark Process Environment Information:
// BenchmarkDotNet v0.15.8
// Runtime=.NET 10.0.1 (10.0.1, 10.0.125.57005), X64 RyuJIT x86-64-v3
// GC=Concurrent Workstation
// HardwareIntrinsics=AVX2+BMI1+BMI2+F16C+FMA+LZCNT+MOVBE,AVX,SSE3+SSSE3+SSE4.1+SSE4.2+POPCNT,X86Base+SSE+SSE2,AES+PCLMUL VectorSize=256
// Job: DefaultJob

OverheadJitting  1: 1 op, 205200.00 ns, 205.2000 us/op
WorkloadJitting  1: 1 op, 477500.00 ns, 477.5000 us/op

OverheadJitting  2: 16 op, 466500.00 ns, 29.1563 us/op
WorkloadJitting  2: 16 op, 545600.00 ns, 34.1000 us/op

WorkloadPilot    1: 16 op, 7500.00 ns, 468.7500 ns/op
WorkloadPilot    2: 32 op, 9300.00 ns, 290.6250 ns/op
WorkloadPilot    3: 64 op, 24500.00 ns, 382.8125 ns/op
WorkloadPilot    4: 128 op, 44000.00 ns, 343.7500 ns/op
WorkloadPilot    5: 256 op, 56800.00 ns, 221.8750 ns/op
WorkloadPilot    6: 512 op, 73200.00 ns, 142.9688 ns/op
WorkloadPilot    7: 1024 op, 167500.00 ns, 163.5742 ns/op
WorkloadPilot    8: 2048 op, 278200.00 ns, 135.8398 ns/op
WorkloadPilot    9: 4096 op, 502400.00 ns, 122.6563 ns/op
WorkloadPilot   10: 8192 op, 1122800.00 ns, 137.0605 ns/op
WorkloadPilot   11: 16384 op, 2682400.00 ns, 163.7207 ns/op
WorkloadPilot   12: 32768 op, 4503900.00 ns, 137.4481 ns/op
WorkloadPilot   13: 65536 op, 9470200.00 ns, 144.5038 ns/op
WorkloadPilot   14: 131072 op, 16509700.00 ns, 125.9590 ns/op
WorkloadPilot   15: 262144 op, 31044600.00 ns, 118.4258 ns/op
WorkloadPilot   16: 524288 op, 58132100.00 ns, 110.8782 ns/op
WorkloadPilot   17: 1048576 op, 67854700.00 ns, 64.7113 ns/op
WorkloadPilot   18: 2097152 op, 100458200.00 ns, 47.9022 ns/op
WorkloadPilot   19: 4194304 op, 199016200.00 ns, 47.4492 ns/op
WorkloadPilot   20: 8388608 op, 387678200.00 ns, 46.2148 ns/op
WorkloadPilot   21: 16777216 op, 814557700.00 ns, 48.5514 ns/op

OverheadWarmup   1: 16777216 op, 65253600.00 ns, 3.8894 ns/op
OverheadWarmup   2: 16777216 op, 62736500.00 ns, 3.7394 ns/op
OverheadWarmup   3: 16777216 op, 62831400.00 ns, 3.7450 ns/op
OverheadWarmup   4: 16777216 op, 63815800.00 ns, 3.8037 ns/op
OverheadWarmup   5: 16777216 op, 54133700.00 ns, 3.2266 ns/op
OverheadWarmup   6: 16777216 op, 64590700.00 ns, 3.8499 ns/op
OverheadWarmup   7: 16777216 op, 77898200.00 ns, 4.6431 ns/op
OverheadWarmup   8: 16777216 op, 73149700.00 ns, 4.3601 ns/op

OverheadActual   1: 16777216 op, 74623200.00 ns, 4.4479 ns/op
OverheadActual   2: 16777216 op, 55013800.00 ns, 3.2791 ns/op
OverheadActual   3: 16777216 op, 53697400.00 ns, 3.2006 ns/op
OverheadActual   4: 16777216 op, 54045100.00 ns, 3.2213 ns/op
OverheadActual   5: 16777216 op, 54949900.00 ns, 3.2753 ns/op
OverheadActual   6: 16777216 op, 58723500.00 ns, 3.5002 ns/op
OverheadActual   7: 16777216 op, 62645200.00 ns, 3.7339 ns/op
OverheadActual   8: 16777216 op, 58593900.00 ns, 3.4925 ns/op
OverheadActual   9: 16777216 op, 59870800.00 ns, 3.5686 ns/op
OverheadActual  10: 16777216 op, 55489000.00 ns, 3.3074 ns/op
OverheadActual  11: 16777216 op, 55078300.00 ns, 3.2829 ns/op
OverheadActual  12: 16777216 op, 54194200.00 ns, 3.2302 ns/op
OverheadActual  13: 16777216 op, 54355800.00 ns, 3.2399 ns/op
OverheadActual  14: 16777216 op, 54202100.00 ns, 3.2307 ns/op
OverheadActual  15: 16777216 op, 54196000.00 ns, 3.2303 ns/op
OverheadActual  16: 16777216 op, 56798600.00 ns, 3.3855 ns/op
OverheadActual  17: 16777216 op, 57604200.00 ns, 3.4335 ns/op

WorkloadWarmup   1: 16777216 op, 800410000.00 ns, 47.7082 ns/op
WorkloadWarmup   2: 16777216 op, 804529200.00 ns, 47.9537 ns/op
WorkloadWarmup   3: 16777216 op, 805206900.00 ns, 47.9941 ns/op
WorkloadWarmup   4: 16777216 op, 805304700.00 ns, 47.9999 ns/op
WorkloadWarmup   5: 16777216 op, 812897300.00 ns, 48.4525 ns/op
WorkloadWarmup   6: 16777216 op, 804840100.00 ns, 47.9722 ns/op
WorkloadWarmup   7: 16777216 op, 806068200.00 ns, 48.0454 ns/op
WorkloadWarmup   8: 16777216 op, 805404700.00 ns, 48.0059 ns/op

// BeforeActualRun
WorkloadActual   1: 16777216 op, 808225300.00 ns, 48.1740 ns/op
WorkloadActual   2: 16777216 op, 807106000.00 ns, 48.1073 ns/op
WorkloadActual   3: 16777216 op, 809671000.00 ns, 48.2602 ns/op
WorkloadActual   4: 16777216 op, 802445400.00 ns, 47.8295 ns/op
WorkloadActual   5: 16777216 op, 805730600.00 ns, 48.0253 ns/op
WorkloadActual   6: 16777216 op, 805476600.00 ns, 48.0101 ns/op
WorkloadActual   7: 16777216 op, 826861800.00 ns, 49.2848 ns/op
WorkloadActual   8: 16777216 op, 863279900.00 ns, 51.4555 ns/op
WorkloadActual   9: 16777216 op, 837530600.00 ns, 49.9207 ns/op
WorkloadActual  10: 16777216 op, 955626600.00 ns, 56.9598 ns/op
WorkloadActual  11: 16777216 op, 947536400.00 ns, 56.4776 ns/op
WorkloadActual  12: 16777216 op, 853378900.00 ns, 50.8653 ns/op
WorkloadActual  13: 16777216 op, 826994200.00 ns, 49.2927 ns/op
WorkloadActual  14: 16777216 op, 806321100.00 ns, 48.0605 ns/op
WorkloadActual  15: 16777216 op, 799580400.00 ns, 47.6587 ns/op
WorkloadActual  16: 16777216 op, 799470800.00 ns, 47.6522 ns/op
WorkloadActual  17: 16777216 op, 821168300.00 ns, 48.9454 ns/op
WorkloadActual  18: 16777216 op, 818471300.00 ns, 48.7847 ns/op
WorkloadActual  19: 16777216 op, 809728800.00 ns, 48.2636 ns/op
WorkloadActual  20: 16777216 op, 814891900.00 ns, 48.5713 ns/op
WorkloadActual  21: 16777216 op, 805701300.00 ns, 48.0235 ns/op

// AfterActualRun
WorkloadResult   1: 16777216 op, 753147000.00 ns, 44.8911 ns/op
WorkloadResult   2: 16777216 op, 752027700.00 ns, 44.8243 ns/op
WorkloadResult   3: 16777216 op, 754592700.00 ns, 44.9772 ns/op
WorkloadResult   4: 16777216 op, 747367100.00 ns, 44.5466 ns/op
WorkloadResult   5: 16777216 op, 750652300.00 ns, 44.7424 ns/op
WorkloadResult   6: 16777216 op, 750398300.00 ns, 44.7272 ns/op
WorkloadResult   7: 16777216 op, 771783500.00 ns, 46.0019 ns/op
WorkloadResult   8: 16777216 op, 782452300.00 ns, 46.6378 ns/op
WorkloadResult   9: 16777216 op, 798300600.00 ns, 47.5824 ns/op
WorkloadResult  10: 16777216 op, 771915900.00 ns, 46.0098 ns/op
WorkloadResult  11: 16777216 op, 751242800.00 ns, 44.7776 ns/op
WorkloadResult  12: 16777216 op, 744502100.00 ns, 44.3758 ns/op
WorkloadResult  13: 16777216 op, 744392500.00 ns, 44.3693 ns/op
WorkloadResult  14: 16777216 op, 766090000.00 ns, 45.6625 ns/op
WorkloadResult  15: 16777216 op, 763393000.00 ns, 45.5018 ns/op
WorkloadResult  16: 16777216 op, 754650500.00 ns, 44.9807 ns/op
WorkloadResult  17: 16777216 op, 759813600.00 ns, 45.2884 ns/op
WorkloadResult  18: 16777216 op, 750623000.00 ns, 44.7406 ns/op
// GC:  128 0 0 536870912 16777216
// Threading:  0 0 16777216

// AfterAll
// Benchmark Process 12208 has exited with code 0.

Mean = 45.258 ns, StdErr = 0.200 ns (0.44%), N = 18, StdDev = 0.849 ns
Min = 44.369 ns, Q1 = 44.741 ns, Median = 44.934 ns, Q3 = 45.622 ns, Max = 47.582 ns
IQR = 0.881 ns, LowerFence = 43.419 ns, UpperFence = 46.944 ns
ConfidenceInterval = [44.464 ns; 46.051 ns] (CI 99.9%), Margin = 0.793 ns (1.75% of Mean)
Skewness = 1.24, Kurtosis = 3.78, MValue = 2

// ** Remained 20 (95.2%) benchmark(s) to run. Estimated finish 2026-03-22 14:16 (0h 9m from now) **
Setup power plan (GUID: 8c5e7fda-e8bf-4a96-9a85-a6e23a8c635c FriendlyName: Alto rendimiento)
// **************************
// Benchmark: GrafoBenchmark.CalcularDistancia: DefaultJob [N=10]
// *** Execute ***
// Launch: 1 / 1
// Execute: dotnet ArbolBenchmark-DefaultJob-1.dll --anonymousPipes 1612 1260 --benchmarkName "GrafoBenchmark.CalcularDistancia(N: 10)" --job Default --benchmarkId 1 in C:\Users\Dylan\Documents\ArbolGenealogico-Rendimiento\Arbol-Genealogico\ArbolBenchMark\bin\Release\net10.0\ArbolBenchmark-DefaultJob-1\bin\Release\net10.0
// BeforeAnythingElse

// Benchmark Process Environment Information:
// BenchmarkDotNet v0.15.8
// Runtime=.NET 10.0.1 (10.0.1, 10.0.125.57005), X64 RyuJIT x86-64-v3
// GC=Concurrent Workstation
// HardwareIntrinsics=AVX2+BMI1+BMI2+F16C+FMA+LZCNT+MOVBE,AVX,SSE3+SSSE3+SSE4.1+SSE4.2+POPCNT,X86Base+SSE+SSE2,AES+PCLMUL VectorSize=256
// Job: DefaultJob

OverheadJitting  1: 1 op, 642100.00 ns, 642.1000 us/op
WorkloadJitting  1: 1 op, 299600.00 ns, 299.6000 us/op

OverheadJitting  2: 16 op, 336500.00 ns, 21.0313 us/op
WorkloadJitting  2: 16 op, 431600.00 ns, 26.9750 us/op

WorkloadPilot    1: 16 op, 4000.00 ns, 250.0000 ns/op
WorkloadPilot    2: 32 op, 7900.00 ns, 246.8750 ns/op
WorkloadPilot    3: 64 op, 7400.00 ns, 115.6250 ns/op
WorkloadPilot    4: 128 op, 13200.00 ns, 103.1250 ns/op
WorkloadPilot    5: 256 op, 46500.00 ns, 181.6406 ns/op
WorkloadPilot    6: 512 op, 60500.00 ns, 118.1641 ns/op
WorkloadPilot    7: 1024 op, 99000.00 ns, 96.6797 ns/op
WorkloadPilot    8: 2048 op, 462700.00 ns, 225.9277 ns/op
WorkloadPilot    9: 4096 op, 531900.00 ns, 129.8584 ns/op
WorkloadPilot   10: 8192 op, 820700.00 ns, 100.1831 ns/op
WorkloadPilot   11: 16384 op, 1748800.00 ns, 106.7383 ns/op
WorkloadPilot   12: 32768 op, 3258800.00 ns, 99.4507 ns/op
WorkloadPilot   13: 65536 op, 7317700.00 ns, 111.6592 ns/op
WorkloadPilot   14: 131072 op, 13667600.00 ns, 104.2755 ns/op
WorkloadPilot   15: 262144 op, 26330600.00 ns, 100.4433 ns/op
WorkloadPilot   16: 524288 op, 51279600.00 ns, 97.8081 ns/op
WorkloadPilot   17: 1048576 op, 61815400.00 ns, 58.9518 ns/op
WorkloadPilot   18: 2097152 op, 43323400.00 ns, 20.6582 ns/op
WorkloadPilot   19: 4194304 op, 84951400.00 ns, 20.2540 ns/op
WorkloadPilot   20: 8388608 op, 200321600.00 ns, 23.8802 ns/op
WorkloadPilot   21: 16777216 op, 391844100.00 ns, 23.3557 ns/op
WorkloadPilot   22: 33554432 op, 686625800.00 ns, 20.4630 ns/op

OverheadWarmup   1: 33554432 op, 74484300.00 ns, 2.2198 ns/op
OverheadWarmup   2: 33554432 op, 72226500.00 ns, 2.1525 ns/op
OverheadWarmup   3: 33554432 op, 72746800.00 ns, 2.1680 ns/op
OverheadWarmup   4: 33554432 op, 54629500.00 ns, 1.6281 ns/op
OverheadWarmup   5: 33554432 op, 55226300.00 ns, 1.6459 ns/op
OverheadWarmup   6: 33554432 op, 54375200.00 ns, 1.6205 ns/op

OverheadActual   1: 33554432 op, 54895300.00 ns, 1.6360 ns/op
OverheadActual   2: 33554432 op, 54675400.00 ns, 1.6295 ns/op
OverheadActual   3: 33554432 op, 54022300.00 ns, 1.6100 ns/op
OverheadActual   4: 33554432 op, 54509000.00 ns, 1.6245 ns/op
OverheadActual   5: 33554432 op, 53786300.00 ns, 1.6030 ns/op
OverheadActual   6: 33554432 op, 54057400.00 ns, 1.6110 ns/op
OverheadActual   7: 33554432 op, 53680700.00 ns, 1.5998 ns/op
OverheadActual   8: 33554432 op, 53886800.00 ns, 1.6060 ns/op
OverheadActual   9: 33554432 op, 54225500.00 ns, 1.6160 ns/op
OverheadActual  10: 33554432 op, 54101500.00 ns, 1.6124 ns/op
OverheadActual  11: 33554432 op, 53650100.00 ns, 1.5989 ns/op
OverheadActual  12: 33554432 op, 53637100.00 ns, 1.5985 ns/op
OverheadActual  13: 33554432 op, 54376100.00 ns, 1.6205 ns/op
OverheadActual  14: 33554432 op, 55086200.00 ns, 1.6417 ns/op
OverheadActual  15: 33554432 op, 54208700.00 ns, 1.6155 ns/op

WorkloadWarmup   1: 33554432 op, 680269300.00 ns, 20.2736 ns/op
WorkloadWarmup   2: 33554432 op, 685221500.00 ns, 20.4212 ns/op
WorkloadWarmup   3: 33554432 op, 683646500.00 ns, 20.3743 ns/op
WorkloadWarmup   4: 33554432 op, 681977100.00 ns, 20.3245 ns/op
WorkloadWarmup   5: 33554432 op, 680192900.00 ns, 20.2713 ns/op
WorkloadWarmup   6: 33554432 op, 679229100.00 ns, 20.2426 ns/op
WorkloadWarmup   7: 33554432 op, 684724200.00 ns, 20.4064 ns/op
WorkloadWarmup   8: 33554432 op, 681116500.00 ns, 20.2989 ns/op

// BeforeActualRun
WorkloadActual   1: 33554432 op, 681697800.00 ns, 20.3162 ns/op
WorkloadActual   2: 33554432 op, 680222800.00 ns, 20.2722 ns/op
WorkloadActual   3: 33554432 op, 684495300.00 ns, 20.3995 ns/op
WorkloadActual   4: 33554432 op, 681217200.00 ns, 20.3019 ns/op
WorkloadActual   5: 33554432 op, 689394900.00 ns, 20.5456 ns/op
WorkloadActual   6: 33554432 op, 692023000.00 ns, 20.6239 ns/op
WorkloadActual   7: 33554432 op, 695587800.00 ns, 20.7301 ns/op
WorkloadActual   8: 33554432 op, 679636200.00 ns, 20.2547 ns/op
WorkloadActual   9: 33554432 op, 699244700.00 ns, 20.8391 ns/op
WorkloadActual  10: 33554432 op, 683240500.00 ns, 20.3622 ns/op
WorkloadActual  11: 33554432 op, 678753200.00 ns, 20.2284 ns/op
WorkloadActual  12: 33554432 op, 681138700.00 ns, 20.2995 ns/op
WorkloadActual  13: 33554432 op, 683112000.00 ns, 20.3583 ns/op
WorkloadActual  14: 33554432 op, 682181600.00 ns, 20.3306 ns/op
WorkloadActual  15: 33554432 op, 680332100.00 ns, 20.2755 ns/op

// AfterActualRun
WorkloadResult   1: 33554432 op, 627596300.00 ns, 18.7038 ns/op
WorkloadResult   2: 33554432 op, 626121300.00 ns, 18.6599 ns/op
WorkloadResult   3: 33554432 op, 630393800.00 ns, 18.7872 ns/op
WorkloadResult   4: 33554432 op, 627115700.00 ns, 18.6895 ns/op
WorkloadResult   5: 33554432 op, 635293400.00 ns, 18.9332 ns/op
WorkloadResult   6: 33554432 op, 637921500.00 ns, 19.0115 ns/op
WorkloadResult   7: 33554432 op, 641486300.00 ns, 19.1178 ns/op
WorkloadResult   8: 33554432 op, 625534700.00 ns, 18.6424 ns/op
WorkloadResult   9: 33554432 op, 629139000.00 ns, 18.7498 ns/op
WorkloadResult  10: 33554432 op, 624651700.00 ns, 18.6161 ns/op
WorkloadResult  11: 33554432 op, 627037200.00 ns, 18.6872 ns/op
WorkloadResult  12: 33554432 op, 629010500.00 ns, 18.7460 ns/op
WorkloadResult  13: 33554432 op, 628080100.00 ns, 18.7182 ns/op
WorkloadResult  14: 33554432 op, 626230600.00 ns, 18.6631 ns/op
// GC:  0 0 0 0 33554432
// Threading:  0 0 33554432

// AfterAll
// Benchmark Process 14188 has exited with code 0.

Mean = 18.766 ns, StdErr = 0.040 ns (0.21%), N = 14, StdDev = 0.150 ns
Min = 18.616 ns, Q1 = 18.669 ns, Median = 18.711 ns, Q3 = 18.778 ns, Max = 19.118 ns
IQR = 0.109 ns, LowerFence = 18.506 ns, UpperFence = 18.941 ns
ConfidenceInterval = [18.597 ns; 18.935 ns] (CI 99.9%), Margin = 0.169 ns (0.90% of Mean)
Skewness = 1.15, Kurtosis = 2.96, MValue = 2

// ** Remained 19 (90.5%) benchmark(s) to run. Estimated finish 2026-03-22 14:14 (0h 7m from now) **
Setup power plan (GUID: 8c5e7fda-e8bf-4a96-9a85-a6e23a8c635c FriendlyName: Alto rendimiento)
// **************************
// Benchmark: GrafoBenchmark.AgregarPersona: DefaultJob [N=10]
// *** Execute ***
// Launch: 1 / 1
// Execute: dotnet ArbolBenchmark-DefaultJob-1.dll --anonymousPipes 1612 1260 --benchmarkName "GrafoBenchmark.AgregarPersona(N: 10)" --job Default --benchmarkId 2 in C:\Users\Dylan\Documents\ArbolGenealogico-Rendimiento\Arbol-Genealogico\ArbolBenchMark\bin\Release\net10.0\ArbolBenchmark-DefaultJob-1\bin\Release\net10.0
// BeforeAnythingElse

// Benchmark Process Environment Information:
// BenchmarkDotNet v0.15.8
// Runtime=.NET 10.0.1 (10.0.1, 10.0.125.57005), X64 RyuJIT x86-64-v3
// GC=Concurrent Workstation
// HardwareIntrinsics=AVX2+BMI1+BMI2+F16C+FMA+LZCNT+MOVBE,AVX,SSE3+SSSE3+SSE4.1+SSE4.2+POPCNT,X86Base+SSE+SSE2,AES+PCLMUL VectorSize=256
// Job: DefaultJob

OverheadJitting  1: 1 op, 177900.00 ns, 177.9000 us/op
WorkloadJitting  1: 1 op, 1664400.00 ns, 1.6644 ms/op

OverheadJitting  2: 16 op, 417100.00 ns, 26.0688 us/op
WorkloadJitting  2: 16 op, 559600.00 ns, 34.9750 us/op

WorkloadPilot    1: 16 op, 29400.00 ns, 1.8375 us/op
WorkloadPilot    2: 32 op, 29900.00 ns, 934.3750 ns/op
WorkloadPilot    3: 64 op, 44200.00 ns, 690.6250 ns/op
WorkloadPilot    4: 128 op, 160900.00 ns, 1.2570 us/op
WorkloadPilot    5: 256 op, 643300.00 ns, 2.5129 us/op
WorkloadPilot    6: 512 op, 358300.00 ns, 699.8047 ns/op
WorkloadPilot    7: 1024 op, 523100.00 ns, 510.8398 ns/op
WorkloadPilot    8: 2048 op, 1256300.00 ns, 613.4277 ns/op
WorkloadPilot    9: 4096 op, 2824400.00 ns, 689.5508 ns/op
WorkloadPilot   10: 8192 op, 4603200.00 ns, 561.9141 ns/op
WorkloadPilot   11: 16384 op, 9829500.00 ns, 599.9451 ns/op
WorkloadPilot   12: 32768 op, 23823200.00 ns, 727.0264 ns/op
WorkloadPilot   13: 65536 op, 48152000.00 ns, 734.7412 ns/op
WorkloadPilot   14: 131072 op, 101488100.00 ns, 774.2928 ns/op
WorkloadPilot   15: 262144 op, 180439700.00 ns, 688.3228 ns/op
WorkloadPilot   16: 524288 op, 441796700.00 ns, 842.6603 ns/op
WorkloadPilot   17: 1048576 op, 947154000.00 ns, 903.2764 ns/op

OverheadWarmup   1: 1048576 op, 1788200.00 ns, 1.7054 ns/op
OverheadWarmup   2: 1048576 op, 1675200.00 ns, 1.5976 ns/op
OverheadWarmup   3: 1048576 op, 1703400.00 ns, 1.6245 ns/op
OverheadWarmup   4: 1048576 op, 1673900.00 ns, 1.5964 ns/op
OverheadWarmup 