// Validating benchmarks:
// ***** BenchmarkRunner: Start   *****
// ***** Found 10 benchmark(s) in total *****
// ***** Building 1 exe(s) in Parallel: Start   *****
// start dotnet  restore --nodeReuse:false /p:UseSharedCompilation=false /p:Deterministic=true /p:Optimize=true /p:ArtifactsPath="C:\Users\Dylan\Documents\ArbolGenealogico-Rendimiento\Arbol-Genealogico\ArbolBenchMark\bin\Release\net10.0\ArbolBenchmark-Job-FGEKWY-1/" /p:OutDir="C:\Users\Dylan\Documents\ArbolGenealogico-Rendimiento\Arbol-Genealogico\ArbolBenchMark\bin\Release\net10.0\ArbolBenchmark-Job-FGEKWY-1\bin\Release\net10.0/" /p:OutputPath="C:\Users\Dylan\Documents\ArbolGenealogico-Rendimiento\Arbol-Genealogico\ArbolBenchMark\bin\Release\net10.0\ArbolBenchmark-Job-FGEKWY-1\bin\Release\net10.0/" /p:PublishDir="C:\Users\Dylan\Documents\ArbolGenealogico-Rendimiento\Arbol-Genealogico\ArbolBenchMark\bin\Release\net10.0\ArbolBenchmark-Job-FGEKWY-1\publish/" in C:\Users\Dylan\Documents\ArbolGenealogico-Rendimiento\Arbol-Genealogico\ArbolBenchMark\bin\Release\net10.0\ArbolBenchmark-Job-FGEKWY-1
// command took 1.37 sec and exited with 0
// start dotnet  build -c Release --no-restore --nodeReuse:false /p:UseSharedCompilation=false /p:Deterministic=true /p:Optimize=true /p:ArtifactsPath="C:\Users\Dylan\Documents\ArbolGenealogico-Rendimiento\Arbol-Genealogico\ArbolBenchMark\bin\Release\net10.0\ArbolBenchmark-Job-FGEKWY-1/" /p:OutDir="C:\Users\Dylan\Documents\ArbolGenealogico-Rendimiento\Arbol-Genealogico\ArbolBenchMark\bin\Release\net10.0\ArbolBenchmark-Job-FGEKWY-1\bin\Release\net10.0/" /p:OutputPath="C:\Users\Dylan\Documents\ArbolGenealogico-Rendimiento\Arbol-Genealogico\ArbolBenchMark\bin\Release\net10.0\ArbolBenchmark-Job-FGEKWY-1\bin\Release\net10.0/" /p:PublishDir="C:\Users\Dylan\Documents\ArbolGenealogico-Rendimiento\Arbol-Genealogico\ArbolBenchMark\bin\Release\net10.0\ArbolBenchmark-Job-FGEKWY-1\publish/" --output "C:\Users\Dylan\Documents\ArbolGenealogico-Rendimiento\Arbol-Genealogico\ArbolBenchMark\bin\Release\net10.0\ArbolBenchmark-Job-FGEKWY-1\bin\Release\net10.0/" in C:\Users\Dylan\Documents\ArbolGenealogico-Rendimiento\Arbol-Genealogico\ArbolBenchMark\bin\Release\net10.0\ArbolBenchmark-Job-FGEKWY-1
// command took 9.18 sec and exited with 0
// ***** Done, took 00:00:10 (10.64 sec)   *****
// Found 10 benchmarks:
//   GrafoBenchmark.ObtenerErroresValidacion: Job-FGEKWY(IterationCount=3, LaunchCount=1, WarmupCount=1) [N=5]
//   GrafoBenchmark.AgregarPersona: Job-FGEKWY(IterationCount=3, LaunchCount=1, WarmupCount=1) [N=5]
//   GrafoBenchmark.ConstruirAristas: Job-FGEKWY(IterationCount=3, LaunchCount=1, WarmupCount=1) [N=5]
//   GrafoBenchmark.ObtenerParMasLejano: Job-FGEKWY(IterationCount=3, LaunchCount=1, WarmupCount=1) [N=5]
//   GrafoBenchmark.ObtenerParMasCercano: Job-FGEKWY(IterationCount=3, LaunchCount=1, WarmupCount=1) [N=5]
//   GrafoBenchmark.ObtenerErroresValidacion: Job-FGEKWY(IterationCount=3, LaunchCount=1, WarmupCount=1) [N=10]
//   GrafoBenchmark.AgregarPersona: Job-FGEKWY(IterationCount=3, LaunchCount=1, WarmupCount=1) [N=10]
//   GrafoBenchmark.ConstruirAristas: Job-FGEKWY(IterationCount=3, LaunchCount=1, WarmupCount=1) [N=10]
//   GrafoBenchmark.ObtenerParMasLejano: Job-FGEKWY(IterationCount=3, LaunchCount=1, WarmupCount=1) [N=10]
//   GrafoBenchmark.ObtenerParMasCercano: Job-FGEKWY(IterationCount=3, LaunchCount=1, WarmupCount=1) [N=10]

Setup power plan (GUID: 8c5e7fda-e8bf-4a96-9a85-a6e23a8c635c FriendlyName: Alto rendimiento)
// **************************
// Benchmark: GrafoBenchmark.ObtenerErroresValidacion: Job-FGEKWY(IterationCount=3, LaunchCount=1, WarmupCount=1) [N=5]
// *** Execute ***
// Launch: 1 / 1
// Execute: dotnet ArbolBenchmark-Job-FGEKWY-1.dll --anonymousPipes 1508 1504 --benchmarkName "GrafoBenchmark.ObtenerErroresValidacion(N: 5)" --job "IterationCount=3, LaunchCount=1, WarmupCount=1" --benchmarkId 0 in C:\Users\Dylan\Documents\ArbolGenealogico-Rendimiento\Arbol-Genealogico\ArbolBenchMark\bin\Release\net10.0\ArbolBenchmark-Job-FGEKWY-1\bin\Release\net10.0
// BeforeAnythingElse

// Benchmark Process Environment Information:
// BenchmarkDotNet v0.15.8
// Runtime=.NET 10.0.1 (10.0.1, 10.0.125.57005), X64 RyuJIT x86-64-v3
// GC=Concurrent Workstation
// HardwareIntrinsics=AVX2+BMI1+BMI2+F16C+FMA+LZCNT+MOVBE,AVX,SSE3+SSSE3+SSE4.1+SSE4.2+POPCNT,X86Base+SSE+SSE2,AES+PCLMUL VectorSize=256
// Job: Job-FGEKWY(IterationCount=3, LaunchCount=1, WarmupCount=1)

OverheadJitting  1: 1 op, 200200.00 ns, 200.2000 us/op
WorkloadJitting  1: 1 op, 453700.00 ns, 453.7000 us/op

OverheadJitting  2: 16 op, 467500.00 ns, 29.2188 us/op
WorkloadJitting  2: 16 op, 594200.00 ns, 37.1375 us/op

WorkloadPilot    1: 16 op, 11900.00 ns, 743.7500 ns/op
WorkloadPilot    2: 32 op, 23700.00 ns, 740.6250 ns/op
WorkloadPilot    3: 64 op, 16900.00 ns, 264.0625 ns/op
WorkloadPilot    4: 128 op, 37800.00 ns, 295.3125 ns/op
WorkloadPilot    5: 256 op, 61300.00 ns, 239.4531 ns/op
WorkloadPilot    6: 512 op, 98700.00 ns, 192.7734 ns/op
WorkloadPilot    7: 1024 op, 201400.00 ns, 196.6797 ns/op
WorkloadPilot    8: 2048 op, 310100.00 ns, 151.4160 ns/op
WorkloadPilot    9: 4096 op, 720300.00 ns, 175.8545 ns/op
WorkloadPilot   10: 8192 op, 1031800.00 ns, 125.9521 ns/op
WorkloadPilot   11: 16384 op, 2011900.00 ns, 122.7966 ns/op
WorkloadPilot   12: 32768 op, 5012400.00 ns, 152.9663 ns/op
WorkloadPilot   13: 65536 op, 8312800.00 ns, 126.8433 ns/op
WorkloadPilot   14: 131072 op, 16306100.00 ns, 124.4057 ns/op
WorkloadPilot   15: 262144 op, 34205300.00 ns, 130.4829 ns/op
WorkloadPilot   16: 524288 op, 61401300.00 ns, 117.1137 ns/op
WorkloadPilot   17: 1048576 op, 74300200.00 ns, 70.8582 ns/op
WorkloadPilot   18: 2097152 op, 106707000.00 ns, 50.8819 ns/op
WorkloadPilot   19: 4194304 op, 246226700.00 ns, 58.7050 ns/op
WorkloadPilot   20: 8388608 op, 445576700.00 ns, 53.1169 ns/op
WorkloadPilot   21: 16777216 op, 846436500.00 ns, 50.4515 ns/op

OverheadWarmup   1: 16777216 op, 67554400.00 ns, 4.0266 ns/op
OverheadWarmup   2: 16777216 op, 62220600.00 ns, 3.7086 ns/op
OverheadWarmup   3: 16777216 op, 62059500.00 ns, 3.6990 ns/op
OverheadWarmup   4: 16777216 op, 58570100.00 ns, 3.4911 ns/op
OverheadWarmup   5: 16777216 op, 53852400.00 ns, 3.2099 ns/op
OverheadWarmup   6: 16777216 op, 52694800.00 ns, 3.1409 ns/op
OverheadWarmup   7: 16777216 op, 54907400.00 ns, 3.2727 ns/op
OverheadWarmup   8: 16777216 op, 60643700.00 ns, 3.6146 ns/op
OverheadWarmup   9: 16777216 op, 54033700.00 ns, 3.2207 ns/op
OverheadWarmup  10: 16777216 op, 53428000.00 ns, 3.1846 ns/op

OverheadActual   1: 16777216 op, 55559600.00 ns, 3.3116 ns/op
OverheadActual   2: 16777216 op, 54032500.00 ns, 3.2206 ns/op
OverheadActual   3: 16777216 op, 55126100.00 ns, 3.2858 ns/op
OverheadActual   4: 16777216 op, 53013300.00 ns, 3.1598 ns/op
OverheadActual   5: 16777216 op, 52495800.00 ns, 3.1290 ns/op
OverheadActual   6: 16777216 op, 52511500.00 ns, 3.1299 ns/op
OverheadActual   7: 16777216 op, 55464700.00 ns, 3.3060 ns/op
OverheadActual   8: 16777216 op, 53292700.00 ns, 3.1765 ns/op
OverheadActual   9: 16777216 op, 52327700.00 ns, 3.1190 ns/op
OverheadActual  10: 16777216 op, 52377600.00 ns, 3.1219 ns/op
OverheadActual  11: 16777216 op, 52961700.00 ns, 3.1568 ns/op
OverheadActual  12: 16777216 op, 54002800.00 ns, 3.2188 ns/op
OverheadActual  13: 16777216 op, 52844500.00 ns, 3.1498 ns/op
OverheadActual  14: 16777216 op, 56144600.00 ns, 3.3465 ns/op
OverheadActual  15: 16777216 op, 54394300.00 ns, 3.2422 ns/op

WorkloadWarmup   1: 16777216 op, 854105100.00 ns, 50.9086 ns/op

// BeforeActualRun
WorkloadActual   1: 16777216 op, 821603400.00 ns, 48.9714 ns/op
WorkloadActual   2: 16777216 op, 845693500.00 ns, 50.4073 ns/op
WorkloadActual   3: 16777216 op, 891789200.00 ns, 53.1548 ns/op

// AfterActualRun
WorkloadResult   1: 16777216 op, 768310700.00 ns, 45.7949 ns/op
WorkloadResult   2: 16777216 op, 792400800.00 ns, 47.2308 ns/op
WorkloadResult   3: 16777216 op, 838496500.00 ns, 49.9783 ns/op
// GC:  128 0 0 536870912 16777216
// Threading:  0 0 16777216

// AfterAll
// Benchmark Process 2928 has exited with code 0.

Mean = 47.668 ns, StdErr = 1.227 ns (2.57%), N = 3, StdDev = 2.126 ns
Min = 45.795 ns, Q1 = 46.513 ns, Median = 47.231 ns, Q3 = 48.605 ns, Max = 49.978 ns
IQR = 2.092 ns, LowerFence = 43.375 ns, UpperFence = 51.742 ns
ConfidenceInterval = [8.887 ns; 86.449 ns] (CI 99.9%), Margin = 38.781 ns (81.36% of Mean)
Skewness = 0.2, Kurtosis = 0.67, MValue = 2

// ** Remained 9 (90.0%) benchmark(s) to run. Estimated finish 2026-03-22 14:30 (0h 1m from now) **
Setup power plan (GUID: 8c5e7fda-e8bf-4a96-9a85-a6e23a8c635c FriendlyName: Alto rendimiento)
// **************************
// Benchmark: GrafoBenchmark.AgregarPersona: Job-FGEKWY(IterationCount=3, LaunchCount=1, WarmupCount=1) [N=5]
// *** Execute ***
// Launch: 1 / 1
// Execute: dotnet ArbolBenchmark-Job-FGEKWY-1.dll --anonymousPipes 1456 1424 --benchmarkName "GrafoBenchmark.AgregarPersona(N: 5)" --job "IterationCount=3, LaunchCount=1, WarmupCount=1" --benchmarkId 1 in C:\Users\Dylan\Documents\ArbolGenealogico-Rendimiento\Arbol-Genealogico\ArbolBenchMark\bin\Release\net10.0\ArbolBenchmark-Job-FGEKWY-1\bin\Release\net10.0
// BeforeAnythingElse

// Benchmark Process Environment Information:
// BenchmarkDotNet v0.15.8
// Runtime=.NET 10.0.1 (10.0.1, 10.0.125.57005), X64 RyuJIT x86-64-v3
// GC=Concurrent Workstation
// HardwareIntrinsics=AVX2+BMI1+BMI2+F16C+FMA+LZCNT+MOVBE,AVX,SSE3+SSSE3+SSE4.1+SSE4.2+POPCNT,X86Base+SSE+SSE2,AES+PCLMUL VectorSize=256
// Job: Job-FGEKWY(IterationCount=3, LaunchCount=1, WarmupCount=1)

OverheadJitting  1: 1 op, 177300.00 ns, 177.3000 us/op
WorkloadJitting  1: 1 op, 1974400.00 ns, 1.9744 ms/op

OverheadJitting  2: 16 op, 366400.00 ns, 22.9000 us/op
WorkloadJitting  2: 16 op, 610200.00 ns, 38.1375 us/op

WorkloadPilot    1: 16 op, 27800.00 ns, 1.7375 us/op
WorkloadPilot    2: 32 op, 31700.00 ns, 990.6250 ns/op
WorkloadPilot    3: 64 op, 80900.00 ns, 1.2641 us/op
WorkloadPilot    4: 128 op, 176600.00 ns, 1.3797 us/op
WorkloadPilot    5: 256 op, 144400.00 ns, 564.0625 ns/op
WorkloadPilot    6: 512 op, 400000.00 ns, 781.2500 ns/op
WorkloadPilot    7: 1024 op, 630800.00 ns, 616.0156 ns/op
WorkloadPilot    8: 2048 op, 1831700.00 ns, 894.3848 ns/op
WorkloadPilot    9: 4096 op, 2343400.00 ns, 572.1191 ns/op
WorkloadPilot   10: 8192 op, 4999400.00 ns, 610.2783 ns/op
WorkloadPilot   11: 16384 op, 9935200.00 ns, 606.3965 ns/op
WorkloadPilot   12: 32768 op, 26210900.00 ns, 799.8932 ns/op
WorkloadPilot   13: 65536 op, 46726400.00 ns, 712.9883 ns/op
WorkloadPilot   14: 131072 op, 100186500.00 ns, 764.3623 ns/op
WorkloadPilot   15: 262144 op, 200780300.00 ns, 765.9161 ns/op
WorkloadPilot   16: 524288 op, 453228000.00 ns, 864.4638 ns/op
WorkloadPilot   17: 1048576 op, 958402700.00 ns, 914.0040 ns/op

OverheadWarmup   1: 1048576 op, 1869200.00 ns, 1.7826 ns/op
OverheadWarmup   2: 1048576 op, 1781600.00 ns, 1.6991 ns/op
OverheadWarmup   3: 1048576 op, 1665400.00 ns, 1.5882 ns/op
OverheadWarmup   4: 1048576 op, 1684200.00 ns, 1.6062 ns/op
OverheadWarmup   5: 1048576 op, 1686100.00 ns, 1.6080 ns/op
OverheadWarmup   6: 1048576 op, 1756700.00 ns, 1.6753 ns/op
OverheadWarmup   7: 1048576 op, 1649800.00 ns, 1.5734 ns/op
OverheadWarmup   8: 1048576 op, 1655400.00 ns, 1.5787 ns/op
OverheadWarmup   9: 1048576 op, 1743600.00 ns, 1.6628 ns/op
OverheadWarmup  10: 1048576 op, 1680600.00 ns, 1.6027 ns/op

OverheadActual   1: 1048576 op, 1698100.00 ns, 1.6194 ns/op
OverheadActual   2: 1048576 op, 1739900.00 ns, 1.6593 ns/op
OverheadActual   3: 1048576 op, 1622200.00 ns, 1.5471 ns/op
OverheadActual   4: 1048576 op, 1662400.00 ns, 1.5854 ns/op
OverheadActual   5: 1048576 op, 1732400.00 ns, 1.6521 ns/op
OverheadActual   6: 1048576 op, 1799000.00 ns, 1.7157 ns/op
OverheadActual   7: 1048576 op, 1724700.00 ns, 1.6448 ns/op
OverheadActual   8: 1048576 op, 1663800.00 ns, 1.5867 ns/op
OverheadActual   9: 1048576 op, 1649600.00 ns, 1.5732 ns/op
OverheadActual  10: 1048576 op, 1819100.00 ns, 1.7348 ns/op
OverheadActual  11: 1048576 op, 1617800.00 ns, 1.5429 ns/op
OverheadActual  12: 1048576 op, 1617200.00 ns, 1.5423 ns/op
OverheadActual  13: 1048576 op, 1629700.00 ns, 1.5542 ns/op
OverheadActual  14: 1048576 op, 1653200.00 ns, 1.5766 ns/op
OverheadActual  15: 1048576 op, 1643500.00 ns, 1.5674 ns/op

WorkloadWarmup   1: 1048576 op, 850200300.00 ns, 810.8142 ns/op

// BeforeActualRun
WorkloadActual   1: 1048576 op, 773725600.00 ns, 737.8822 ns/op
WorkloadActual   2: 1048576 op, 768951800.00 ns, 733.3296 ns/op
WorkloadActual   3: 1048576 op, 921253900.00 ns, 878.5762 ns/op

// AfterActualRun
WorkloadResult   1: 1048576 op, 772063200.00 ns, 736.2968 ns/op
WorkloadResult   2: 1048576 op, 767289400.00 ns, 731.7442 ns/op
WorkloadResult   3: 1048576 op, 919591500.00 ns, 876.9908 ns/op
// GC:  45 22 0 285212672 1048576
// Threading:  0 0 1048576

// AfterAll
// Benchmark Process 7716 has exited with code 0.

Mean = 781.677 ns, StdErr = 47.675 ns (6.10%), N = 3, StdDev = 82.575 ns
Min = 731.744 ns, Q1 = 734.021 ns, Median = 736.297 ns, Q3 = 806.644 ns, Max = 876.991 ns
IQR = 72.623 ns, LowerFence = 625.086 ns, UpperFence = 915.579 ns
ConfidenceInterval = [-724.804 ns; 2,288.158 ns] (CI 99.9%), Margin = 1,506.481 ns (192.72% of Mean)
Skewness = 0.38, Kurtosis = 0.67, MValue = 2

// ** Remained 8 (80.0%) benchmark(s) to run. Estimated finish 2026-03-22 14:32 (0h 2m from now) **
Setup power plan (GUID: 8c5e7fda-e8bf-4a96-9a85-a6e23a8c635c FriendlyName: Alto rendimiento)
// **************************
// Benchmark: GrafoBenchmark.ConstruirAristas: Job-FGEKWY(IterationCount=3, LaunchCount=1, WarmupCount=1) [N=5]
// *** Execute ***
// Launch: 1 / 1
// Execute: dotnet ArbolBenchmark-Job-FGEKWY-1.dll --anonymousPipes 1288 1208 --benchmarkName "GrafoBenchmark.ConstruirAristas(N: 5)" --job "IterationCount=3, LaunchCount=1, WarmupCount=1" --benchmarkId 2 in C:\Users\Dylan\Documents\ArbolGenealogico-Rendimiento\Arbol-Genealogico\ArbolBenchMark\bin\Release\net10.0\ArbolBenchmark-Job-FGEKWY-1\bin\Release\net10.0
// BeforeAnythingElse

// Benchmark Process Environment Information:
// BenchmarkDotNet v0.15.8
// Runtime=.NET 10.0.1 (10.0.1, 10.0.125.57005), X64 RyuJIT x86-64-v3
// GC=Concurrent Workstation
// HardwareIntrinsics=AVX2+BMI1+BMI2+F16C+FMA+LZCNT+MOVBE,AVX,SSE3+SSSE3+SSE4.1+SSE4.2+POPCNT,X86Base+SSE+SSE2,AES+PCLMUL VectorSize=256
// Job: Job-FGEKWY(IterationCount=3, LaunchCount=1, WarmupCount=1)

OverheadJitting  1: 1 op, 203100.00 ns, 203.1000 us/op
WorkloadJitting  1: 1 op, 2103700.00 ns, 2.1037 ms/op

OverheadJitting  2: 16 op, 197100.00 ns, 12.3188 us/op
WorkloadJitting  2: 16 op, 326100.00 ns, 20.3813 us/op

WorkloadPilot    1: 16 op, 77300.00 ns, 4.8313 us/op
WorkloadPilot    2: 32 op, 126000.00 ns, 3.9375 us/op
WorkloadPilot    3: 64 op, 307300.00 ns, 4.8016 us/op
WorkloadPilot    4: 128 op, 743200.00 ns, 5.8063 us/op
WorkloadPilot    5: 256 op, 996300.00 ns, 3.8918 us/op
WorkloadPilot    6: 512 op, 2006200.00 ns, 3.9184 us/op
WorkloadPilot    7: 1024 op, 4298800.00 ns, 4.1980 us/op
WorkloadPilot    8: 2048 op, 7887700.00 ns, 3.8514 us/op
WorkloadPilot    9: 4096 op, 16747800.00 ns, 4.0888 us/op
WorkloadPilot   10: 8192 op, 29496700.00 ns, 3.6007 us/op
WorkloadPilot   11: 16384 op, 55418000.00 ns, 3.3824 us/op
WorkloadPilot   12: 32768 op, 52132700.00 ns, 1.5910 us/op
WorkloadPilot   13: 65536 op, 66719300.00 ns, 1.0181 us/op
WorkloadPilot   14: 131072 op, 112771800.00 ns, 860.3806 ns/op
WorkloadPilot   15: 262144 op, 240830300.00 ns, 918.6947 ns/op
WorkloadPilot   16: 524288 op, 429621000.00 ns, 819.4370 ns/op
WorkloadPilot   17: 1048576 op, 931561500.00 ns, 888.4063 ns/op

OverheadWarmup   1: 1048576 op, 2456900.00 ns, 2.3431 ns/op
OverheadWarmup   2: 1048576 op, 2611800.00 ns, 2.4908 ns/op
OverheadWarmup   3: 1048576 op, 2921400.00 ns, 2.7861 ns/op
OverheadWarmup   4: 1048576 op, 2488900.00 ns, 2.3736 ns/op
OverheadWarmup   5: 1048576 op, 2744200.00 ns, 2.6171 ns/op
OverheadWarmup   6: 1048576 op, 3167900.00 ns, 3.0211 ns/op
OverheadWarmup   7: 1048576 op, 2649600.00 ns, 2.5269 ns/op

OverheadActual   1: 1048576 op, 2510600.00 ns, 2.3943 ns/op
OverheadActual   2: 1048576 op, 2742800.00 ns, 2.6157 ns/op
OverheadActual   3: 1048576 op, 2589700.00 ns, 2.4697 ns/op
OverheadActual   4: 1048576 op, 2861900.00 ns, 2.7293 ns/op
OverheadActual   5: 1048576 op, 2489700.00 ns, 2.3744 ns/op
OverheadActual   6: 1048576 op, 2693900.00 ns, 2.5691 ns/op
OverheadActual   7: 1048576 op, 2776400.00 ns, 2.6478 ns/op
OverheadActual   8: 1048576 op, 2869900.00 ns, 2.7369 ns/op
OverheadActual   9: 1048576 op, 2564700.00 ns, 2.4459 ns/op
OverheadActual  10: 1048576 op, 2805900.00 ns, 2.6759 ns/op
OverheadActual  11: 1048576 op, 2537200.00 ns, 2.4197 ns/op
OverheadActual  12: 1048576 op, 2570200.00 ns, 2.4511 ns/op
OverheadActual  13: 1048576 op, 2916900.00 ns, 2.7818 ns/op
OverheadActual  14: 1048576 op, 2760000.00 ns, 2.6321 ns/op
OverheadActual  15: 1048576 op, 2847600.00 ns, 2.7157 ns/op
OverheadActual  16: 1048576 op, 2731100.00 ns, 2.6046 ns/op
OverheadActual  17: 1048576 op, 2771400.00 ns, 2.6430 ns/op

WorkloadWarmup   1: 1048576 op, 1005932500.00 ns, 959.3320 ns/op

// BeforeActualRun
WorkloadActual   1: 1048576 op, 908930600.00 ns, 866.8238 ns/op
WorkloadActual   2: 1048576 op, 892840300.00 ns, 851.4789 ns/op
WorkloadActual   3: 1048576 op, 890770800.00 ns, 849.5052 ns/op

// AfterActualRun
WorkloadResult   1: 1048576 op, 906187800.00 ns, 864.2080 ns/op
WorkloadResult   2: 1048576 op, 890097500.00 ns, 848.8631 ns/op
WorkloadResult   3: 1048576 op, 888028000.00 ns, 846.8895 ns/op
// GC:  198 0 0 830472192 1048576
// Threading:  0 0 1048576

// AfterAll
// Benchmark Process 5792 has exited with code 0.

Mean = 853.320 ns, StdErr = 5.474 ns (0.64%), N = 3, StdDev = 9.481 ns
Min = 846.889 ns, Q1 = 847.876 ns, Median = 848.863 ns, Q3 = 856.536 ns, Max = 864.208 ns
IQR = 8.659 ns, LowerFence = 834.887 ns, UpperFence = 869.524 ns
ConfidenceInterval = [680.358 ns; 1,026.282 ns] (CI 99.9%), Margin = 172.962 ns (20.27% of Mean)
Skewness = 0.37, Kurtosis = 0.67, MValue = 2

// ** Remained 7 (70.0%) benchmark(s) to run. Estimated finish 2026-03-22 14:32 (0h 1m from now) **
Setup power plan (GUID: 8c5e7fda-e8bf-4a96-9a85-a6e23a8c635c FriendlyName: Alto rendimiento)
// **************************
// Benchmark: GrafoBenchmark.ObtenerParMasLejano: Job-FGEKWY(IterationCount=3, LaunchCount=1, WarmupCount=1) [N=5]
// *** Execute ***
// Launch: 1 / 1
// Execute: dotnet ArbolBenchmark-Job-FGEKWY-1.dll --anonymousPipes 1508 1420 --benchmarkName "GrafoBenchmark.ObtenerParMasLejano(N: 5)" --job "IterationCount=3, LaunchCount=1, WarmupCount=1" --benchmarkId 3 in C:\Users\Dylan\Documents\ArbolGenealogico-Rendimiento\Arbol-Genealogico\ArbolBenchMark\bin\Release\net10.0\ArbolBenchmark-Job-FGEKWY-1\bin\Release\net10.0
// BeforeAnythingElse

// Benchmark Process Environment Information:
// BenchmarkDotNet v0.15.8
// Runtime=.NET 10.0.1 (10.0.1, 10.0.125.57005), X64 RyuJIT x86-64-v3
// GC=Concurrent Workstation
// HardwareIntrinsics=AVX2+BMI1+BMI2+F16C+FMA+LZCNT+MOVBE,AVX,SSE3+SSSE3+SSE4.1+SSE4.2+POPCNT,X86Base+SSE+SSE2,AES+PCLMUL VectorSize=256
// Job: Job-FGEKWY(IterationCount=3, LaunchCount=1, WarmupCount=1)

OverheadJitting  1: 1 op, 189800.00 ns, 189.8000 us/op
WorkloadJitting  1: 1 op, 1113400.00 ns, 1.1134 ms/op

OverheadJitting  2: 16 op, 168900.00 ns, 10.5563 us/op
WorkloadJitting  2: 16 op, 235900.00 ns, 14.7438 us/op

WorkloadPilot    1: 16 op, 29400.00 ns, 1.8375 us/op
WorkloadPilot    2: 32 op, 53200.00 ns, 1.6625 us/op
WorkloadPilot    3: 64 op, 147500.00 ns, 2.3047 us/op
WorkloadPilot    4: 128 op, 236300.00 ns, 1.8461 us/op
WorkloadPilot    5: 256 op, 513400.00 ns, 2.0055 us/op
WorkloadPilot    6: 512 op, 733900.00 ns, 1.4334 us/op
WorkloadPilot    7: 1024 op, 1690900.00 ns, 1.6513 us/op
WorkloadPilot    8: 2048 op, 2974100.00 ns, 1.4522 us/op
WorkloadPilot    9: 4096 op, 7045200.00 ns, 1.7200 us/op
WorkloadPilot   10: 8192 op, 12379300.00 ns, 1.5111 us/op
WorkloadPilot   11: 16384 op, 22627700.00 ns, 1.3811 us/op
WorkloadPilot   12: 32768 op, 43572600.00 ns, 1.3297 us/op
WorkloadPilot   13: 65536 op, 81842800.00 ns, 1.2488 us/op
WorkloadPilot   14: 131072 op, 37471000.00 ns, 285.8810 ns/op
WorkloadPilot   15: 262144 op, 65475200.00 ns, 249.7681 ns/op
WorkloadPilot   16: 524288 op, 130660400.00 ns, 249.2149 ns/op
WorkloadPilot   17: 1048576 op, 278797300.00 ns, 265.8818 ns/op
WorkloadPilot   18: 2097152 op, 570433300.00 ns, 272.0038 ns/op

OverheadWarmup   1: 2097152 op, 5524300.00 ns, 2.6342 ns/op
OverheadWarmup   2: 2097152 op, 5686700.00 ns, 2.7116 ns/op
OverheadWarmup   3: 2097152 op, 5717900.00 ns, 2.7265 ns/op
OverheadWarmup   4: 2097152 op, 5468000.00 ns, 2.6073 ns/op
OverheadWarmup   5: 2097152 op, 5748300.00 ns, 2.7410 ns/op
OverheadWarmup   6: 2097152 op, 5438000.00 ns, 2.5930 ns/op

OverheadActual   1: 2097152 op, 5139300.00 ns, 2.4506 ns/op
OverheadActual   2: 2097152 op, 5582700.00 ns, 2.6620 ns/op
OverheadActual   3: 2097152 op, 5485500.00 ns, 2.6157 ns/op
OverheadActual   4: 2097152 op, 5580400.00 ns, 2.6609 ns/op
OverheadActual   5: 2097152 op, 5874900.00 ns, 2.8014 ns/op
OverheadActual   6: 2097152 op, 5724300.00 ns, 2.7296 ns/op
OverheadActual   7: 2097152 op, 5658900.00 ns, 2.6984 ns/op
OverheadActual   8: 2097152 op, 5706500.00 ns, 2.7211 ns/op
OverheadActual   9: 2097152 op, 5527200.00 ns, 2.6356 ns/op
OverheadActual  10: 2097152 op, 5742300.00 ns, 2.7381 ns/op
OverheadActual  11: 2097152 op, 5361400.00 ns, 2.5565 ns/op
OverheadActual  12: 2097152 op, 5723400.00 ns, 2.7291 ns/op
OverheadActual  13: 2097152 op, 5807400.00 ns, 2.7692 ns/op
OverheadActual  14: 2097152 op, 5616500.00 ns, 2.6782 ns/op
OverheadActual  15: 2097152 op, 5580300.00 ns, 2.6609 ns/op

WorkloadWarmup   1: 2097152 op, 557958900.00 ns, 266.0555 ns/op

// BeforeActualRun
WorkloadActual   1: 2097152 op, 507052800.00 ns, 241.7816 ns/op
WorkloadActual   2: 2097152 op, 502832300.00 ns, 239.7691 ns/op
WorkloadActual   3: 2097152 op, 505273400.00 ns, 240.9331 ns/op

// AfterActualRun
WorkloadResult   1: 2097152 op, 501436300.00 ns, 239.1035 ns/op
WorkloadResult   2: 2097152 op, 497215800.00 ns, 237.0910 ns/op
WorkloadResult   3: 2097152 op, 499656900.00 ns, 238.2550 ns/op
// GC:  76 0 0 318767104 2097152
// Threading:  0 0 2097152

// AfterAll
// Benchmark Process 15960 has exited with code 0.

Mean = 238.150 ns, StdErr = 0.583 ns (0.24%), N = 3, StdDev = 1.010 ns
Min = 237.091 ns, Q1 = 237.673 ns, Median = 238.255 ns, Q3 = 238.679 ns, Max = 239.103 ns
IQR = 1.006 ns, LowerFence = 236.164 ns, UpperFence = 240.189 ns
ConfidenceInterval = [219.717 ns; 256.583 ns] (CI 99.9%), Margin = 18.433 ns (7.74% of Mean)
Skewness = -0.1, Kurtosis = 0.67, MValue = 2

// ** Remained 6 (60.0%) benchmark(s) to run. Estimated finish 2026-03-22 14:31 (0h 1m from now) **
Setup power plan (GUID: 8c5e7fda-e8bf-4a96-9a85-a6e23a8c635c FriendlyName: Alto rendimiento)
// **************************
// Benchmark: GrafoBenchmark.ObtenerParMasCercano: Job-FGEKWY(IterationCount=3, LaunchCount=1, WarmupCount=1) [N=5]
// *** Execute ***
// Launch: 1 / 1
// Execute: dotnet ArbolBenchmark-Job-FGEKWY-1.dll --anonymousPipes 1520 1264 --benchmarkName "GrafoBenchmark.ObtenerParMasCercano(N: 5)" --job "IterationCount=3, LaunchCount=1, WarmupCount=1" --benchmarkId 4 in C:\Users\Dylan\Documents\ArbolGenealogico-Rendimiento\Arbol-Genealogico\ArbolBenchMark\bin\Release\net10.0\ArbolBenchmark-Job-FGEKWY-1\bin\Release\net10.0
// BeforeAnythingElse

// Benchmark Process Environment Information:
// BenchmarkDotNet v0.15.8
// Runtime=.NET 10.0.1 (10.0.1, 10.0.125.57005), X64 RyuJIT x86-64-v3
// GC=Concurrent Workstation
// HardwareIntrinsics=AVX2+BMI1+BMI2+F16C+FMA+LZCNT+MOVBE,AVX,SSE3+SSSE3+SSE4.1+SSE4.2+POPCNT,X86Base+SSE+SSE2,AES+PCLMUL VectorSize=256
// Job: Job-FGEKWY(IterationCount=3, LaunchCount=1, WarmupCount=1)

OverheadJitting  1: 1 op, 143000.00 ns, 143.0000 us/op
WorkloadJitting  1: 1 op, 1181000.00 ns, 1.1810 ms/op

OverheadJitting  2: 16 op, 168500.00 ns, 10.5313 us/op
WorkloadJitting  2: 16 op, 314400.00 ns, 19.6500 us/op

WorkloadPilot    1: 16 op, 30800.00 ns, 1.9250 us/op
WorkloadPilot    2: 32 op, 107800.00 ns, 3.3688 us/op
WorkloadPilot    3: 64 op, 135800.00 ns, 2.1219 us/op
WorkloadPilot    4: 128 op, 261300.00 ns, 2.0414 us/op
WorkloadPilot    5: 256 op, 436800.00 ns, 1.7063 us/op
WorkloadPilot    6: 512 op, 845000.00 ns, 1.6504 us/op
WorkloadPilot    7: 1024 op, 1834300.00 ns, 1.7913 us/op
WorkloadPilot    8: 2048 op, 3725300.00 ns, 1.8190 us/op
WorkloadPilot    9: 4096 op, 6274400.00 ns, 1.5318 us/op
WorkloadPilot   10: 8192 op, 12692400.00 ns, 1.5494 us/op
WorkloadPilot   11: 16384 op, 23472200.00 ns, 1.4326 us/op
WorkloadPilot   12: 32768 op, 47708900.00 ns, 1.4560 us/op
WorkloadPilot   13: 65536 op, 88638400.00 ns, 1.3525 us/op
WorkloadPilot   14: 131072 op, 38272600.00 ns, 291.9968 ns/op
WorkloadPilot   15: 262144 op, 64181700.00 ns, 244.8338 ns/op
WorkloadPilot   16: 524288 op, 124598800.00 ns, 237.6534 ns/op
WorkloadPilot   17: 1048576 op, 254032500.00 ns, 242.2643 ns/op
WorkloadPilot   18: 2097152 op, 522641500.00 ns, 249.2149 ns/op

OverheadWarmup   1: 2097152 op, 5239300.00 ns, 2.4983 ns/op
OverheadWarmup   2: 2097152 op, 5344400.00 ns, 2.5484 ns/op
OverheadWarmup   3: 2097152 op, 5756400.00 ns, 2.7449 ns/op
OverheadWarmup   4: 2097152 op, 5404100.00 ns, 2.5769 ns/op
OverheadWarmup   5: 2097152 op, 5261300.00 ns, 2.5088 ns/op
OverheadWarmup   6: 2097152 op, 5892800.00 ns, 2.8099 ns/op
OverheadWarmup   7: 2097152 op, 5574100.00 ns, 2.6579 ns/op

OverheadActual   1: 2097152 op, 5736100.00 ns, 2.7352 ns/op
OverheadActual   2: 2097152 op, 5192400.00 ns, 2.4759 ns/op
OverheadActual   3: 2097152 op, 5432500.00 ns, 2.5904 ns/op
OverheadActual   4: 2097152 op, 5449000.00 ns, 2.5983 ns/op
OverheadActual   5: 2097152 op, 5655000.00 ns, 2.6965 ns/op
OverheadActual   6: 2097152 op, 5022300.00 ns, 2.3948 ns/op
OverheadActual   7: 2097152 op, 5249400.00 ns, 2.5031 ns/op
OverheadActual   8: 2097152 op, 5486500.00 ns, 2.6162 ns/op
OverheadActual   9: 2097152 op, 5536600.00 ns, 2.6401 ns/op
OverheadActual  10: 2097152 op, 5121700.00 ns, 2.4422 ns/op
OverheadActual  11: 2097152 op, 5799400.00 ns, 2.7654 ns/op
OverheadActual  12: 2097152 op, 5357400.00 ns, 2.5546 ns/op
OverheadActual  13: 2097152 op, 5582600.00 ns, 2.6620 ns/op
OverheadActual  14: 2097152 op, 5514200.00 ns, 2.6294 ns/op
OverheadActual  15: 2097152 op, 5104800.00 ns, 2.4342 ns/op

WorkloadWarmup   1: 2097152 op, 501984300.00 ns, 239.3648 ns/op

// BeforeActualRun
WorkloadActual   1: 2097152 op, 529452100.00 ns, 252.4624 ns/op
WorkloadActual   2: 2097152 op, 527147600.00 ns, 251.3636 ns/op
WorkloadActual   3: 2097152 op, 558529700.00 ns, 266.3277 ns/op

// AfterActualRun
WorkloadResult   1: 2097152 op, 524003100.00 ns, 249.8641 ns/op
WorkloadResult   2: 2097152 op, 521698600.00 ns, 248.7653 ns/op
WorkloadResult   3: 2097152 op, 553080700.00 ns, 263.7294 ns/op
// GC:  76 0 0 318767104 2097152
// Threading:  0 0 2097152

// AfterAll
// Benchmark Process 10920 has exited with code 0.

Mean = 254.120 ns, StdErr = 4.815 ns (1.89%), N = 3, StdDev = 8.340 ns
Min = 248.765 ns, Q1 = 249.315 ns, Median = 249.864 ns, Q3 = 256.797 ns, Max = 263.729 ns
IQR = 7.482 ns, LowerFence = 238.092 ns, UpperFence = 268.020 ns
ConfidenceInterval = [101.959 ns; 406.281 ns] (CI 99.9%), Margin = 152.161 ns (59.88% of Mean)
Skewness = 0.38, Kurtosis = 0.67, MValue = 2

// ** Remained 5 (50.0%) benchmark(s) to run. Estimated finish 2026-03-22 14:31 (0h 0m from now) **
Setup power plan (GUID: 8c5e7fda-e8bf-4a96-9a85-a6e23a8c635c FriendlyName: Alto rendimiento)
// **************************
// Benchmark: GrafoBenchmark.ObtenerErroresValidacion: Job-FGEKWY(IterationCount=3, LaunchCount=1, WarmupCount=1) [N=10]
// *** Execute ***
// Launch: 1 / 1
// Execute: dotnet ArbolBenchmark-Job-FGEKWY-1.dll --anonymousPipes 1528 1600 --benchmarkName "GrafoBenchmark.ObtenerErroresValidacion(N: 10)" --job "IterationCount=3, LaunchCount=1, WarmupCount=1" --benchmarkId 5 in C:\Users\Dylan\Documents\ArbolGenealogico-Rendimiento\Arbol-Genealogico\ArbolBenchMark\bin\Release\net10.0\ArbolBenchmark-Job-FGEKWY-1\bin\Release\net10.0
// BeforeAnythingElse

// Benchmark Process Environment Information:
// BenchmarkDotNet v0.15.8
// Runtime=.NET 10.0.1 (10.0.1, 10.0.125.57005), X64 RyuJIT x86-64-v3
// GC=Concurrent Workstation
// HardwareIntrinsics=AVX2+BMI1+BMI2+F16C+FMA+LZCNT+MOVBE,AVX,SSE3+SSSE3+SSE4.1+SSE4.2+POPCNT,X86Base+SSE+SSE2,AES+PCLMUL VectorSize=256
// Job: Job-FGEKWY(IterationCount=3, LaunchCount=1, WarmupCount=1)

OverheadJitting  1: 1 op, 200700.00 ns, 200.7000 us/op
WorkloadJitting  1: 1 op, 455600.00 ns, 455.6000 us/op

OverheadJitting  2: 16 op, 470600.00 ns, 29.4125 us/op
WorkloadJitting  2: 16 op, 588300.00 ns, 36.7688 us/op

WorkloadPilot    1: 16 op, 7600.00 ns, 475.0000 ns/op
WorkloadPilot    2: 32 op, 6400.00 ns, 200.0000 ns/op
WorkloadPilot    3: 64 op, 9600.00 ns, 150.0000 ns/op
WorkloadPilot    4: 128 op, 41600.00 ns, 325.0000 ns/op
WorkloadPilot    5: 256 op, 60900.00 ns, 237.8906 ns/op
WorkloadPilot    6: 512 op, 72200.00 ns, 141.0156 ns/op
WorkloadPilot    7: 1024 op, 123900.00 ns, 120.9961 ns/op
WorkloadPilot    8: 2048 op, 422900.00 ns, 206.4941 ns/op
WorkloadPilot    9: 4096 op, 530200.00 ns, 129.4434 ns/op
WorkloadPilot   10: 8192 op, 1076500.00 ns, 131.4087 ns/op
WorkloadPilot   11: 16384 op, 2125700.00 ns, 129.7424 ns/op
WorkloadPilot   12: 32768 op, 4618100.00 ns, 140.9332 ns/op
WorkloadPilot   13: 65536 op, 7849100.00 ns, 119.7678 ns/op
WorkloadPilot   14: 131072 op, 16128400.00 ns, 123.0499 ns/op
WorkloadPilot   15: 262144 op, 30556700.00 ns, 116.5646 ns/op
WorkloadPilot   16: 524288 op, 58989700.00 ns, 112.5139 ns/op
WorkloadPilot   17: 1048576 op, 83754300.00 ns, 79.8743 ns/op
WorkloadPilot   18: 2097152 op, 101077400.00 ns, 48.1975 ns/op
WorkloadPilot   19: 4194304 op, 198135100.00 ns, 47.2391 ns/op
WorkloadPilot   20: 8388608 op, 405698600.00 ns, 48.3630 ns/op
WorkloadPilot   21: 16777216 op, 806498600.00 ns, 48.0711 ns/op

OverheadWarmup   1: 16777216 op, 69488300.00 ns, 4.1418 ns/op
OverheadWarmup   2: 16777216 op, 62350600.00 ns, 3.7164 ns/op
OverheadWarmup   3: 16777216 op, 62254600.00 ns, 3.7107 ns/op
OverheadWarmup   4: 16777216 op, 58867200.00 ns, 3.5088 ns/op
OverheadWarmup   5: 16777216 op, 56760500.00 ns, 3.3832 ns/op
OverheadWarmup   6: 16777216 op, 53704500.00 ns, 3.2010 ns/op
OverheadWarmup   7: 16777216 op, 52630000.00 ns, 3.1370 ns/op
OverheadWarmup   8: 16777216 op, 52571800.00 ns, 3.1335 ns/op
OverheadWarmup   9: 16777216 op, 56913900.00 ns, 3.3923 ns/op
OverheadWarmup  10: 16777216 op, 55688700.00 ns, 3.3193 ns/op

OverheadActual   1: 16777216 op, 53926000.00 ns, 3.2142 ns/op
OverheadActual   2: 16777216 op, 52760800.00 ns, 3.1448 ns/op
OverheadActual   3: 16777216 op, 52862000.00 ns, 3.1508 ns/op
OverheadActual   4: 16777216 op, 57456700.00 ns, 3.4247 ns/op
OverheadActual   5: 16777216 op, 52409500.00 ns, 3.1238 ns/op
OverheadActual   6: 16777216 op, 52709000.00 ns, 3.1417 ns/op
OverheadActual   7: 16777216 op, 52698100.00 ns, 3.1411 ns/op
OverheadActual   8: 16777216 op, 57991800.00 ns, 3.4566 ns/op
OverheadActual   9: 16777216 op, 55473200.00 ns, 3.3065 ns/op
OverheadActual  10: 16777216 op, 52629900.00 ns, 3.1370 ns/op
OverheadActual  11: 16777216 op, 52652500.00 ns, 3.1383 ns/op
OverheadActual  12: 16777216 op, 52754000.00 ns, 3.1444 ns/op
OverheadActual  13: 16777216 op, 57901300.00 ns, 3.4512 ns/op
OverheadActual  14: 16777216 op, 52745300.00 ns, 3.1439 ns/op
OverheadActual  15: 16777216 op, 52868800.00 ns, 3.1512 ns/op

WorkloadWarmup   1: 16777216 op, 813251700.00 ns, 48.4736 ns/op

// BeforeActualRun
WorkloadActual   1: 16777216 op, 815809600.00 ns, 48.6260 ns/op
WorkloadActual   2: 16777216 op, 791096600.00 ns, 47.1530 ns/op
WorkloadActual   3: 16777216 op, 803529800.00 ns, 47.8941 ns/op

// AfterActualRun
WorkloadResult   1: 16777216 op, 763048800.00 ns, 45.4813 ns/op
WorkloadResult   2: 16777216 op, 738335800.00 ns, 44.0082 ns/op
WorkloadResult   3: 16777216 op, 750769000.00 ns, 44.7493 ns/op
// GC:  128 0 0 536870912 16777216
// Threading:  0 0 16777216

// AfterAll
// Benchmark Process 6260 has exited with code 0.

Mean = 44.746 ns, StdErr = 0.425 ns (0.95%), N = 3, StdDev = 0.737 ns
Min = 44.008 ns, Q1 = 44.379 ns, Median = 44.749 ns, Q3 = 45.115 ns, Max = 45.481 ns
IQR = 0.737 ns, LowerFence = 43.274 ns, UpperFence = 46.220 ns
ConfidenceInterval = [31.310 ns; 58.183 ns] (CI 99.9%), Margin = 13.437 ns (30.03% of Mean)
Skewness = -0, Kurtosis = 0.67, MValue = 2

// ** Remained 4 (40.0%) benchmark(s) to run. Estimated finish 2026-03-22 14:31 (0h 0m from now) **
Setup power plan (GUID: 8c5e7fda-e8bf-4a96-9a85-a6e23a8c635c FriendlyName: Alto rendimiento)
// **************************
// Benchmark: GrafoBenchmark.AgregarPersona: Job-FGEKWY(IterationCount=3, LaunchCount=1, WarmupCount=1) [N=10]
// *** Execute ***
// Launch: 1 / 1
// Execute: dotnet ArbolBenchmark-Job-FGEKWY-1.dll --anonymousPipes 1604 1464 --benchmarkName "GrafoBenchmark.AgregarPersona(N: 10)" --job "IterationCount=3, LaunchCount=1, WarmupCount=1" --benchmarkId 6 in C:\Users\Dylan\Documents\ArbolGenealogico-Rendimiento\Arbol-Genealogico\ArbolBenchMark\bin\Release\net10.0\ArbolBenchmark-Job-FGEKWY-1\bin\Release\net10.0
// BeforeAnythingElse

// Benchmark Process Environment Information:
// BenchmarkDotNet v0.15.8
// Runtime=.NET 10.0.1 (10.0.1, 10.0.125.57005), X64 RyuJIT x86-64-v3
// GC=Concurrent Workstation
// HardwareIntrinsics=AVX2+BMI1+BMI2+F16C+FMA+LZCNT+MOVBE,AVX,SSE3+SSSE3+SSE4.1+SSE4.2+POPCNT,X86Base+SSE+SSE2,AES+PCLMUL VectorSize=256
// Job: Job-FGEKWY(IterationCount=3, LaunchCount=1, WarmupCount=1)

OverheadJitting  1: 1 op, 174700.00 ns, 174.7000 us/op
WorkloadJitting  1: 1 op, 1861800.00 ns, 1.8618 ms/op

OverheadJitting  2: 16 op, 351400.00 ns, 21.9625 us/op
WorkloadJitting  2: 16 op, 442500.00 ns, 27.6563 us/op

WorkloadPilot    1: 16 op, 26300.00 ns, 1.6438 us/op
WorkloadPilot    2: 32 op, 58800.00 ns, 1.8375 us/op
WorkloadPilot    3: 64 op, 61900.00 ns, 967.1875 ns/op
WorkloadPilot    4: 128 op, 74400.00 ns, 581.2500 ns/op
WorkloadPilot    5: 256 op, 174000.00 ns, 679.6875 ns/op
WorkloadPilot    6: 512 op, 435900.00 ns, 851.3672 ns/op
WorkloadPilot    7: 1024 op, 579000.00 ns, 565.4297 ns/op
WorkloadPilot    8: 2048 op, 1294000.00 ns, 631.8359 ns/op
WorkloadPilot    9: 4096 op, 2182500.00 ns, 532.8369 ns/op
WorkloadPilot   10: 8192 op, 4531500.00 ns, 553.1616 ns/op
WorkloadPilot   11: 16384 op, 8941000.00 ns, 545.7153 ns/op
WorkloadPilot   12: 32768 op, 24415300.00 ns, 745.0958 ns/op
WorkloadPilot   13: 65536 op, 47261400.00 ns, 721.1517 ns/op
WorkloadPilot   14: 131072 op, 105271800.00 ns, 803.1601 ns/op
WorkloadPilot   15: 262144 op, 185841300.00 ns, 708.9283 ns/op
WorkloadPilot   16: 524288 op, 424225500.00 ns, 809.1459 ns/op
WorkloadPilot   17: 1048576 op, 902123700.00 ns, 860.3322 ns/op

OverheadWarmup   1: 1048576 op, 1703600.00 ns, 1.6247 ns/op
OverheadWarmup   2: 1048576 op, 1656100.00 ns, 1.5794 ns/op
OverheadWarmup   3: 1048576 op, 1691700.00 ns, 1.6133 ns/op
OverheadWarmup   4: 1048576 op, 1636300.00 ns, 1.5605 ns/op
OverheadWarmup   5: 1048576 op, 1665600.00 ns, 1.5884 ns/op
OverheadWarmup   6: 1048576 op, 1619100.00 ns, 1.5441 ns/op

OverheadActual   1: 1048576 op, 1837300.00 ns, 1.7522 ns/op
OverheadActual   2: 1048576 op, 1657000.00 ns, 1.5802 ns/op
OverheadActual   3: 1048576 op, 1697100.00 ns, 1.6185 ns/op
OverheadActual   4: 1048576 op, 1650000.00 ns, 1.5736 ns/op
OverheadActual   5: 1048576 op, 1662600.00 ns, 1.5856 ns/op
OverheadActual   6: 1048576 op, 1674600.00 ns, 1.5970 ns/op
OverheadActual   7: 1048576 op, 1617400.00 ns, 1.5425 ns/op
OverheadActual   8: 1048576 op, 1735800.00 ns, 1.6554 ns/op
OverheadActual   9: 1048576 op, 1660000.00 ns, 1.5831 ns/op
OverheadActual  10: 1048576 op, 1696000.00 ns, 1.6174 ns/op
OverheadActual  11: 1048576 op, 1621800.00 ns, 1.5467 ns/op
OverheadActual  12: 1048576 op, 1656700.00 ns, 1.5800 ns/op
OverheadActual  13: 1048576 op, 1662500.00 ns, 1.5855 ns/op
OverheadActual  14: 1048576 op, 1620100.00 ns, 1.5450 ns/op
OverheadActual  15: 1048576 op, 1648900.00 ns, 1.5725 ns/op

WorkloadWarmup   1: 1048576 op, 787457300.00 ns, 750.9778 ns/op

// BeforeActualRun
WorkloadActual   1: 1048576 op, 768684600.00 ns, 733.0748 ns/op
WorkloadActual   2: 1048576 op, 733305900.00 ns, 699.3350 ns/op
WorkloadActual   3: 1048576 op, 892249500.00 ns, 850.9154 ns/op

// AfterActualRun
WorkloadResult   1: 1048576 op, 767024600.00 ns, 731.4917 ns/op
WorkloadResult   2: 1048576 op, 731645900.00 ns, 697.7519 ns/op
WorkloadResult   3: 1048576 op, 890589500.00 ns, 849.3323 ns/op
// GC:  45 22 0 285212672 1048576
// Threading:  0 0 1048576

// AfterAll
// Benchmark Process 19556 has exited with code 0.

Mean = 759.525 ns, StdErr = 45.948 ns (6.05%), N = 3, StdDev = 79.584 ns
Min = 697.752 ns, Q1 = 714.622 ns, Median = 731.492 ns, Q3 = 790.412 ns, Max = 849.332 ns
IQR = 75.790 ns, LowerFence = 600.936 ns, UpperFence = 904.097 ns
ConfidenceInterval = [-692.378 ns; 2,211.429 ns] (CI 99.9%), Margin = 1,451.904 ns (191.16% of Mean)
Skewness = 0.31, Kurtosis = 0.67, MValue = 2

// ** Remained 3 (30.0%) benchmark(s) to run. Estimated finish 2026-03-22 14:31 (0h 0m from now) **
Setup power plan (GUID: 8c5e7fda-e8bf-4a96-9a85-a6e23a8c635c FriendlyName: Alto rendimiento)
// **************************
// Benchmark: GrafoBenchmark.ConstruirAristas: Job-FGEKWY(IterationCount=3, LaunchCount=1, WarmupCount=1) [N=10]
// *** Execute ***
// Launch: 1 / 1
// Execute: dotnet ArbolBenchmark-Job-FGEKWY-1.dll --anonymousPipes 1628 1648 --benchmarkName "GrafoBenchmark.ConstruirAristas(N: 10)" --job "IterationCount=3, LaunchCount=1, WarmupCount=1" --benchmarkId 7 in C:\Users\Dylan\Documents\ArbolGenealogico-Rendimiento\Arbol-Genealogico\ArbolBenchMark\bin\Release\net10.0\ArbolBenchmark-Job-FGEKWY-1\bin\Release\net10.0
// BeforeAnythingElse

// Benchmark Process Environment Information:
// BenchmarkDotNet v0.15.8
// Runtime=.NET 10.0.1 (10.0.1, 10.0.125.57005), X64 RyuJIT x86-64-v3
// GC=Concurrent Workstation
// HardwareIntrinsics=AVX2+BMI1+BMI2+F16C+FMA+LZCNT+MOVBE,AVX,SSE3+SSSE3+SSE4.1+SSE4.2+POPCNT,X86Base+SSE+SSE2,AES+PCLMUL VectorSize=256
// Job: Job-FGEKWY(IterationCount=3, LaunchCount=1, WarmupCount=1)

OverheadJitting  1: 1 op, 148400.00 ns, 148.4000 us/op
WorkloadJitting  1: 1 op, 1650900.00 ns, 1.6509 ms/op

OverheadJitting  2: 16 op, 173600.00 ns, 10.8500 us/op
WorkloadJitting  2: 16 op, 631700.00 ns, 39.4813 us/op

WorkloadPilot    1: 16 op, 332100.00 ns, 20.7563 us/op
WorkloadPilot    2: 32 op, 473400.00 ns, 14.7938 us/op
WorkloadPilot    3: 64 op, 836500.00 ns, 13.0703 us/op
WorkloadPilot    4: 128 op, 1625100.00 ns, 12.6961 us/op
WorkloadPilot    5: 256 op, 3110200.00 ns, 12.1492 us/op
WorkloadPilot    6: 512 op, 6524200.00 ns, 12.7426 us/op
WorkloadPilot    7: 1024 op, 11991600.00 ns, 11.7105 us/op
WorkloadPilot    8: 2048 op, 22858700.00 ns, 11.1615 us/op
WorkloadPilot    9: 4096 op, 44590300.00 ns, 10.8863 us/op
WorkloadPilot   10: 8192 op, 101441600.00 ns, 12.3830 us/op
WorkloadPilot   11: 16384 op, 106354200.00 ns, 6.4913 us/op
WorkloadPilot   12: 32768 op, 92584600.00 ns, 2.8255 us/op
WorkloadPilot   13: 65536 op, 182645800.00 ns, 2.7870 us/op
WorkloadPilot   14: 131072 op, 364034000.00 ns, 2.7774 us/op
WorkloadPilot   15: 262144 op, 717473800.00 ns, 2.7369 us/op

OverheadWarmup   1: 262144 op, 600900.00 ns, 2.2923 ns/op
OverheadWarmup   2: 262144 op, 619700.00 ns, 2.3640 ns/op
OverheadWarmup   3: 262144 op, 628900.00 ns, 2.3991 ns/op
OverheadWarmup   4: 262144 op, 636200.00 ns, 2.4269 ns/op
OverheadWarmup   5: 262144 op, 710300.00 ns, 2.7096 ns/op
OverheadWarmup   6: 262144 op, 873600.00 ns, 3.3325 ns/op
OverheadWarmup   7: 262144 op, 691800.00 ns, 2.6390 ns/op
OverheadWarmup   8: 262144 op, 709700.00 ns, 2.7073 ns/op
OverheadWarmup   9: 262144 op, 629100.00 ns, 2.3998 ns/op

OverheadActual   1: 262144 op, 661500.00 ns, 2.5234 ns/op
OverheadActual   2: 262144 op, 616800.00 ns, 2.3529 ns/op
OverheadActual   3: 262144 op, 795300.00 ns, 3.0338 ns/op
OverheadActual   4: 262144 op, 728300.00 ns, 2.7782 ns/op
OverheadActual   5: 262144 op, 645700.00 ns, 2.4632 ns/op
OverheadActual   6: 262144 op, 694400.00 ns, 2.6489 ns/op
OverheadActual   7: 262144 op, 742900.00 ns, 2.8339 ns/op
OverheadActual   8: 262144 op, 762000.00 ns, 2.9068 ns/op
OverheadActual   9: 262144 op, 672400.00 ns, 2.5650 ns/op
OverheadActual  10: 262144 op, 677700.00 ns, 2.5852 ns/op
OverheadActual  11: 262144 op, 700400.00 ns, 2.6718 ns/op
OverheadActual  12: 262144 op, 767600.00 ns, 2.9282 ns/op
OverheadActual  13: 262144 op, 678300.00 ns, 2.5875 ns/op
OverheadActual  14: 262144 op, 697100.00 ns, 2.6592 ns/op
OverheadActual  15: 262144 op, 919600.00 ns, 3.5080 ns/op
OverheadActual  16: 262144 op, 853400.00 ns, 3.2555 ns/op
OverheadActual  17: 262144 op, 642700.00 ns, 2.4517 ns/op
OverheadActual  18: 262144 op, 665100.00 ns, 2.5372 ns/op
OverheadActual  19: 262144 op, 811800.00 ns, 3.0968 ns/op
OverheadActual  20: 262144 op, 686900.00 ns, 2.6203 ns/op

WorkloadWarmup   1: 262144 op, 732953300.00 ns, 2.7960 us/op

// BeforeActualRun
WorkloadActual   1: 262144 op, 787605100.00 ns, 3.0045 us/op
WorkloadActual   2: 262144 op, 776727500.00 ns, 2.9630 us/op
WorkloadActual   3: 262144 op, 744034000.00 ns, 2.8383 us/op

// AfterActualRun
WorkloadResult   1: 262144 op, 786909350.00 ns, 3.0018 us/op
WorkloadResult   2: 262144 op, 776031750.00 ns, 2.9603 us/op
WorkloadResult   3: 262144 op, 743338250.00 ns, 2.8356 us/op
// GC:  192 0 0 805306368 262144
// Threading:  0 0 262144

// AfterAll
// Benchmark Process 2180 has exited with code 0.

Mean = 2.933 μs, StdErr = 0.050 μs (1.70%), N = 3, StdDev = 0.087 μs
Min = 2.836 μs, Q1 = 2.898 μs, Median = 2.960 μs, Q3 = 2.981 μs, Max = 3.002 μs
IQR = 0.083 μs, LowerFence = 2.773 μs, UpperFence = 3.106 μs
ConfidenceInterval = [1.354 μs; 4.511 μs] (CI 99.9%), Margin = 1.578 μs (53.82% of Mean)
Skewness = -0.29, Kurtosis = 0.67, MValue = 2

// ** Remained 2 (20.0%) benchmark(s) to run. Estimated finish 2026-03-22 14:31 (0h 0m from now) **
Setup power plan (GUID: 8c5e7fda-e8bf-4a96-9a85-a6e23a8c635c FriendlyName: Alto rendimiento)
// **************************
// Benchmark: GrafoBenchmark.ObtenerParMasLejano: Job-FGEKWY(IterationCount=3, LaunchCount=1, WarmupCount=1) [N=10]
// *** Execute ***
// Launch: 1 / 1
// Execute: dotnet ArbolBenchmark-Job-FGEKWY-1.dll --anonymousPipes 1432 1644 --benchmarkName "GrafoBenchmark.ObtenerParMasLejano(N: 10)" --job "IterationCount=3, LaunchCount=1, WarmupCount=1" --benchmarkId 8 in C:\Users\Dylan\Documents\ArbolGenealogico-Rendimiento\Arbol-Genealogico\ArbolBenchMark\bin\Release\net10.0\ArbolBenchmark-Job-FGEKWY-1\bin\Release\net10.0
// BeforeAnythingElse

// Benchmark Process Environment Information:
// BenchmarkDotNet v0.15.8
// Runtime=.NET 10.0.1 (10.0.1, 10.0.125.57005), X64 RyuJIT x86-64-v3
// GC=Concurrent Workstation
// HardwareIntrinsics=AVX2+BMI1+BMI2+F16C+FMA+LZCNT+MOVBE,AVX,SSE3+SSSE3+SSE4.1+SSE4.2+POPCNT,X86Base+SSE+SSE2,AES+PCLMUL VectorSize=256
// Job: Job-FGEKWY(IterationCount=3, LaunchCount=1, WarmupCount=1)

OverheadJitting  1: 1 op, 151200.00 ns, 151.2000 us/op
WorkloadJitting  1: 1 op, 1519800.00 ns, 1.5198 ms/op

OverheadJitting  2: 16 op, 173200.00 ns, 10.8250 us/op
WorkloadJitting  2: 16 op, 335800.00 ns, 20.9875 us/op

WorkloadPilot    1: 16 op, 67900.00 ns, 4.2438 us/op
WorkloadPilot    2: 32 op, 152400.00 ns, 4.7625 us/op
WorkloadPilot    3: 64 op, 304900.00 ns, 4.7641 us/op
WorkloadPilot    4: 128 op, 565600.00 ns, 4.4188 us/op
WorkloadPilot    5: 256 op, 989900.00 ns, 3.8668 us/op
WorkloadPilot    6: 512 op, 2237700.00 ns, 4.3705 us/op
WorkloadPilot    7: 1024 op, 3844100.00 ns, 3.7540 us/op
WorkloadPilot    8: 2048 op, 7367900.00 ns, 3.5976 us/op
WorkloadPilot    9: 4096 op, 14283100.00 ns, 3.4871 us/op
WorkloadPilot   10: 8192 op, 29162000.00 ns, 3.5598 us/op
WorkloadPilot   11: 16384 op, 54285700.00 ns, 3.3133 us/op
WorkloadPilot   12: 32768 op, 139741000.00 ns, 4.2646 us/op
WorkloadPilot   13: 65536 op, 81540900.00 ns, 1.2442 us/op
WorkloadPilot   14: 131072 op, 73207400.00 ns, 558.5281 ns/op
WorkloadPilot   15: 262144 op, 144277000.00 ns, 550.3731 ns/op
WorkloadPilot   16: 524288 op, 292015600.00 ns, 556.9756 ns/op
WorkloadPilot   17: 1048576 op, 573696600.00 ns, 547.1197 ns/op

OverheadWarmup   1: 1048576 op, 2441600.00 ns, 2.3285 ns/op
OverheadWarmup   2: 1048576 op, 2421500.00 ns, 2.3093 ns/op
OverheadWarmup   3: 1048576 op, 2849500.00 ns, 2.7175 ns/op
OverheadWarmup   4: 1048576 op, 2886600.00 ns, 2.7529 ns/op
OverheadWarmup   5: 1048576 op, 2601000.00 ns, 2.4805 ns/op
OverheadWarmup   6: 1048576 op, 2839900.00 ns, 2.7083 ns/op
OverheadWarmup   7: 1048576 op, 2608000.00 ns, 2.4872 ns/op

OverheadActual   1: 1048576 op, 2486800.00 ns, 2.3716 ns/op
OverheadActual   2: 1048576 op, 2683700.00 ns, 2.5594 ns/op
OverheadActual   3: 1048576 op, 2610400.00 ns, 2.4895 ns/op
OverheadActual   4: 1048576 op, 2746400.00 ns, 2.6192 ns/op
OverheadActual   5: 1048576 op, 2587200.00 ns, 2.4673 ns/op
OverheadActual   6: 1048576 op, 2903200.00 ns, 2.7687 ns/op
OverheadActual   7: 1048576 op, 2852000.00 ns, 2.7199 ns/op
OverheadActual   8: 1048576 op, 2906400.00 ns, 2.7718 ns/op
OverheadActual   9: 1048576 op, 3083800.00 ns, 2.9409 ns/op
OverheadActual  10: 1048576 op, 2782200.00 ns, 2.6533 ns/op
OverheadActual  11: 1048576 op, 2471500.00 ns, 2.3570 ns/op
OverheadActual  12: 1048576 op, 2946700.00 ns, 2.8102 ns/op
OverheadActual  13: 1048576 op, 2853300.00 ns, 2.7211 ns/op
OverheadActual  14: 1048576 op, 2591700.00 ns, 2.4716 ns/op
OverheadActual  15: 1048576 op, 3112900.00 ns, 2.9687 ns/op
OverheadActual  16: 1048576 op, 2879700.00 ns, 2.7463 ns/op
OverheadActual  17: 1048576 op, 2582800.00 ns, 2.4632 ns/op
OverheadActual  18: 1048576 op, 2662300.00 ns, 2.5390 ns/op
OverheadActual  19: 1048576 op, 2807200.00 ns, 2.6772 ns/op
OverheadActual  20: 1048576 op, 2662700.00 ns, 2.5393 ns/op

WorkloadWarmup   1: 1048576 op, 572338200.00 ns, 545.8242 ns/op

// BeforeActualRun
WorkloadActual   1: 1048576 op, 563546600.00 ns, 537.4399 ns/op
WorkloadActual   2: 1048576 op, 572263300.00 ns, 545.7528 ns/op
WorkloadActual   3: 1048576 op, 570506500.00 ns, 544.0774 ns/op

// AfterActualRun
WorkloadResult   1: 1048576 op, 560782300.00 ns, 534.8037 ns/op
WorkloadResult   2: 1048576 op, 569499000.00 ns, 543.1166 ns/op
WorkloadResult   3: 1048576 op, 567742200.00 ns, 541.4412 ns/op
// GC:  48 0 0 201326592 1048576
// Threading:  0 0 1048576

// AfterAll
// Benchmark Process 16288 has exited with code 0.

Mean = 539.787 ns, StdErr = 2.538 ns (0.47%), N = 3, StdDev = 4.396 ns
Min = 534.804 ns, Q1 = 538.122 ns, Median = 541.441 ns, Q3 = 542.279 ns, Max = 543.117 ns
IQR = 4.156 ns, LowerFence = 531.888 ns, UpperFence = 548.514 ns
ConfidenceInterval = [459.581 ns; 619.993 ns] (CI 99.9%), Margin = 80.206 ns (14.86% of Mean)
Skewness = -0.32, Kurtosis = 0.67, MValue = 2

// ** Remained 1 (10.0%) benchmark(s) to run. Estimated finish 2026-03-22 14:31 (0h 0m from now) **
Setup power plan (GUID: 8c5e7fda-e8bf-4a96-9a85-a6e23a8c635c FriendlyName: Alto rendimiento)
// **************************
// Benchmark: GrafoBenchmark.ObtenerParMasCercano: Job-FGEKWY(IterationCount=3, LaunchCount=1, WarmupCount=1) [N=10]
// *** Execute ***
// Launch: 1 / 1
// Execute: dotnet ArbolBenchmark-Job-FGEKWY-1.dll --anonymousPipes 1548 956 --benchmarkName "GrafoBenchmark.ObtenerParMasCercano(N: 10)" --job "IterationCount=3, LaunchCount=1, WarmupCount=1" --benchmarkId 9 in C:\Users\Dylan\Documents\ArbolGenealogico-Rendimiento\Arbol-Genealogico\ArbolBenchMark\bin\Release\net10.0\ArbolBenchmark-Job-FGEKWY-1\bin\Release\net10.0
// BeforeAnythingElse

// Benchmark Process Environment Information:
// BenchmarkDotNet v0.15.8
// Runtime=.NET 10.0.1 (10.0.1, 10.0.125.57005), X64 RyuJIT x86-64-v3
// GC=Concurrent Workstation
// HardwareIntrinsics=AVX2+BMI1+BMI2+F16C+FMA+LZCNT+MOVBE,AVX,SSE3+SSSE3+SSE4.1+SSE4.2+POPCNT,X86Base+SSE+SSE2,AES+PCLMUL VectorSize=256
// Job: Job-FGEKWY(IterationCount=3, LaunchCount=1, WarmupCount=1)

OverheadJitting  1: 1 op, 136700.00 ns, 136.7000 us/op
WorkloadJitting  1: 1 op, 1652200.00 ns, 1.6522 ms/op

OverheadJitting  2: 16 op, 216700.00 ns, 13.5438 us/op
WorkloadJitting  2: 16 op, 381500.00 ns, 23.8438 us/op

WorkloadPilot    1: 16 op, 68900.00 ns, 4.3063 us/op
WorkloadPilot    2: 32 op, 144400.00 ns, 4.5125 us/op
WorkloadPilot    3: 64 op, 337700.00 ns, 5.2766 us/op
WorkloadPilot    4: 128 op, 621200.00 ns, 4.8531 us/op
WorkloadPilot    5: 256 op, 908400.00 ns, 3.5484 us/op
WorkloadPilot    6: 512 op, 2085400.00 ns, 4.0730 us/op
WorkloadPilot    7: 1024 op, 3535400.00 ns, 3.4525 us/op
WorkloadPilot    8: 2048 op, 7506600.00 ns, 3.6653 us/op
WorkloadPilot    9: 4096 op, 14260600.00 ns, 3.4816 us/op
WorkloadPilot   10: 8192 op, 29602800.00 ns, 3.6136 us/op
WorkloadPilot   11: 16384 op, 54572600.00 ns, 3.3308 us/op
WorkloadPilot   12: 32768 op, 133088700.00 ns, 4.0615 us/op
WorkloadPilot   13: 65536 op, 90332100.00 ns, 1.3784 us/op
WorkloadPilot   14: 131072 op, 73845000.00 ns, 563.3926 ns/op
WorkloadPilot   15: 262144 op, 154744200.00 ns, 590.3023 ns/op
WorkloadPilot   16: 524288 op, 300914300.00 ns, 573.9485 ns/op
WorkloadPilot   17: 1048576 op, 597643400.00 ns, 569.9572 ns/op

OverheadWarmup   1: 1048576 op, 2400300.00 ns, 2.2891 ns/op
OverheadWarmup   2: 1048576 op, 2492300.00 ns, 2.3768 ns/op
OverheadWarmup   3: 1048576 op, 3004500.00 ns, 2.8653 ns/op
OverheadWarmup   4: 1048576 op, 2574400.00 ns, 2.4551 ns/op
OverheadWarmup   5: 1048576 op, 2620000.00 ns, 2.4986 ns/op
OverheadWarmup   6: 1048576 op, 2935600.00 ns, 2.7996 ns/op
OverheadWarmup   7: 1048576 op, 2467400.00 ns, 2.3531 ns/op

OverheadActual   1: 1048576 op, 2698900.00 ns, 2.5739 ns/op
OverheadActual   2: 1048576 op, 2457400.00 ns, 2.3436 ns/op
OverheadActual   3: 1048576 op, 2670100.00 ns, 2.5464 ns/op
OverheadActual   4: 1048576 op, 2415300.00 ns, 2.3034 ns/op
OverheadActual   5: 1048576 op, 2675900.00 ns, 2.5519 ns/op
OverheadActual   6: 1048576 op, 2912200.00 ns, 2.7773 ns/op
OverheadActual   7: 1048576 op, 2495500.00 ns, 2.3799 ns/op
OverheadActual   8: 1048576 op, 2584400.00 ns, 2.4647 ns/op
OverheadActual   9: 1048576 op, 2644700.00 ns, 2.5222 ns/op
OverheadActual  10: 1048576 op, 2667700.00 ns, 2.5441 ns/op
OverheadActual  11: 1048576 op, 2493200.00 ns, 2.3777 ns/op
OverheadActual  12: 1048576 op, 2811800.00 ns, 2.6815 ns/op
OverheadActual  13: 1048576 op, 2522300.00 ns, 2.4055 ns/op
OverheadActual  14: 1048576 op, 2652500.00 ns, 2.5296 ns/op
OverheadActual  15: 1048576 op, 2586800.00 ns, 2.4670 ns/op
OverheadActual  16: 1048576 op, 2770700.00 ns, 2.6423 ns/op
OverheadActual  17: 1048576 op, 2604500.00 ns, 2.4838 ns/op

WorkloadWarmup   1: 1048576 op, 597474000.00 ns, 569.7956 ns/op

// BeforeActualRun
WorkloadActual   1: 1048576 op, 605689300.00 ns, 577.6303 ns/op
WorkloadActual   2: 1048576 op, 604820800.00 ns, 576.8021 ns/op
WorkloadActual   3: 1048576 op, 594042300.00 ns, 566.5229 ns/op

// AfterActualRun
WorkloadResult   1: 1048576 op, 603044600.00 ns, 575.1081 ns/op
WorkloadResult   2: 1048576 op, 602176100.00 ns, 574.2799 ns/op
WorkloadResult   3: 1048576 op, 591397600.00 ns, 564.0007 ns/op
// GC:  48 0 0 201326592 1048576
// Threading:  0 0 1048576

// AfterAll
// Benchmark Process 3676 has exited with code 0.

Mean = 571.130 ns, StdErr = 3.572 ns (0.63%), N = 3, StdDev = 6.188 ns
Min = 564.001 ns, Q1 = 569.140 ns, Median = 574.280 ns, Q3 = 574.694 ns, Max = 575.108 ns
IQR = 5.554 ns, LowerFence = 560.810 ns, UpperFence = 583.025 ns
ConfidenceInterval = [458.244 ns; 684.016 ns] (CI 99.9%), Margin = 112.886 ns (19.77% of Mean)
Skewness = -0.38, Kurtosis = 0.67, MValue = 2

// ** Remained 0 (0.0%) benchmark(s) to run. Estimated finish 2026-03-22 14:31 (0h 0m from now) **
Successfully reverted power plan (GUID: 8c5e7fda-e8bf-4a96-9a85-a6e23a8c635c FriendlyName: Alto rendimiento)
// ***** BenchmarkRunner: Finish  *****

// * Export *
  BenchmarkDotNet.Artifacts\results\GrafoBenchmark-report.csv
  BenchmarkDotNet.Artifacts\results\GrafoBenchmark-report-github.md
  BenchmarkDotNet.Artifacts\results\GrafoBenchmark-report.html

// * Detailed results *
GrafoBenchmark.ObtenerErroresValidacion: Job-FGEKWY(IterationCount=3, LaunchCount=1, WarmupCount=1) [N=5]
Runtime = .NET 10.0.1 (10.0.1, 10.0.125.57005), X64 RyuJIT x86-64-v3; GC = Concurrent Workstation
Mean = 47.668 ns, StdErr = 1.227 ns (2.57%), N = 3, StdDev = 2.126 ns
Min = 45.795 ns, Q1 = 46.513 ns, Median = 47.231 ns, Q3 = 48.605 ns, Max = 49.978 ns
IQR = 2.092 ns, LowerFence = 43.375 ns, UpperFence = 51.742 ns
ConfidenceInterval = [8.887 ns; 86.449 ns] (CI 99.9%), Margin = 38.781 ns (81.36% of Mean)
Skewness = 0.2, Kurtosis = 0.67, MValue = 2
-------------------- Histogram --------------------
[44.578 ns ; 48.447 ns) | @@
[48.447 ns ; 51.913 ns) | @
---------------------------------------------------

GrafoBenchmark.AgregarPersona: Job-FGEKWY(IterationCount=3, LaunchCount=1, WarmupCount=1) [N=5]
Runtime = .NET 10.0.1 (10.0.1, 10.0.125.57005), X64 RyuJIT x86-64-v3; GC = Concurrent Workstation
Mean = 781.677 ns, StdErr = 47.675 ns (6.10%), N = 3, StdDev = 82.575 ns
Min = 731.744 ns, Q1 = 734.021 ns, Median = 736.297 ns, Q3 = 806.644 ns, Max = 876.991 ns
IQR = 72.623 ns, LowerFence = 625.086 ns, UpperFence = 915.579 ns
ConfidenceInterval = [-724.804 ns; 2,288.158 ns] (CI 99.9%), Margin = 1,506.481 ns (192.72% of Mean)
Skewness = 0.38, Kurtosis = 0.67, MValue = 2
-------------------- Histogram --------------------
[729.221 ns ; 879.514 ns) | @@@
---------------------------------------------------

GrafoBenchmark.ConstruirAristas: Job-FGEKWY(IterationCount=3, LaunchCount=1, WarmupCount=1) [N=5]
Runtime = .NET 10.0.1 (10.0.1, 10.0.125.57005), X64 RyuJIT x86-64-v3; GC = Concurrent Workstation
Mean = 853.320 ns, StdErr = 5.474 ns (0.64%), N = 3, StdDev = 9.481 ns
Min = 846.889 ns, Q1 = 847.876 ns, Median = 848.863 ns, Q3 = 856.536 ns, Max = 864.208 ns
IQR = 8.659 ns, LowerFence = 834.887 ns, UpperFence = 869.524 ns
ConfidenceInterval = [680.358 ns; 1,026.282 ns] (CI 99.9%), Margin = 172.962 ns (20.27% of Mean)
Skewness = 0.37, Kurtosis = 0.67, MValue = 2
-------------------- Histogram --------------------
[838.262 ns ; 872.836 ns) | @@@
---------------------------------------------------

GrafoBenchmark.ObtenerParMasLejano: Job-FGEKWY(IterationCount=3, LaunchCount=1, WarmupCount=1) [N=5]
Runtime = .NET 10.0.1 (10.0.1, 10.0.125.57005), X64 RyuJIT x86-64-v3; GC = Concurrent Workstation
Mean = 238.150 ns, StdErr = 0.583 ns (0.24%), N = 3, StdDev = 1.010 ns
Min = 237.091 ns, Q1 = 237.673 ns, Median = 238.255 ns, Q3 = 238.679 ns, Max = 239.103 ns
IQR = 1.006 ns, LowerFence = 236.164 ns, UpperFence = 240.189 ns
ConfidenceInterval = [219.717 ns; 256.583 ns] (CI 99.9%), Margin = 18.433 ns (7.74% of Mean)
Skewness = -0.1, Kurtosis = 0.67, MValue = 2
-------------------- Histogram --------------------
[236.171 ns ; 240.023 ns) | @@@
---------------------------------------------------

GrafoBenchmark.ObtenerParMasCercano: Job-FGEKWY(IterationCount=3, LaunchCount=1, WarmupCount=1) [N=5]
Runtime = .NET 10.0.1 (10.0.1, 10.0.125.57005), X64 RyuJIT x86-64-v3; GC = Concurrent Workstation
Mean = 254.120 ns, StdErr = 4.815 ns (1.89%), N = 3, StdDev = 8.340 ns
Min = 248.765 ns, Q1 = 249.315 ns, Median = 249.864 ns, Q3 = 256.797 ns, Max = 263.729 ns
IQR = 7.482 ns, LowerFence = 238.092 ns, UpperFence = 268.020 ns
ConfidenceInterval = [101.959 ns; 406.281 ns] (CI 99.9%), Margin = 152.161 ns (59.88% of Mean)
Skewness = 0.38, Kurtosis = 0.67, MValue = 2
-------------------- Histogram --------------------
[248.657 ns ; 263.838 ns) | @@@
---------------------------------------------------

GrafoBenchmark.ObtenerErroresValidacion: Job-FGEKWY(IterationCount=3, LaunchCount=1, WarmupCount=1) [N=10]
Runtime = .NET 10.0.1 (10.0.1, 10.0.125.57005), X64 RyuJIT x86-64-v3; GC = Concurrent Workstation
Mean = 44.746 ns, StdErr = 0.425 ns (0.95%), N = 3, StdDev = 0.737 ns
Min = 44.008 ns, Q1 = 44.379 ns, Median = 44.749 ns, Q3 = 45.115 ns, Max = 45.481 ns
IQR = 0.737 ns, LowerFence = 43.274 ns, UpperFence = 46.220 ns
ConfidenceInterval = [31.310 ns; 58.183 ns] (CI 99.9%), Margin = 13.437 ns (30.03% of Mean)
Skewness = -0, Kurtosis = 0.67, MValue = 2
-------------------- Histogram --------------------
[43.338 ns ; 44.445 ns) | @
[44.445 ns ; 45.785 ns) | @@
---------------------------------------------------

GrafoBenchmark.AgregarPersona: Job-FGEKWY(IterationCount=3, LaunchCount=1, WarmupCount=1) [N=10]
Runtime = .NET 10.0.1 (10.0.1, 10.0.125.57005), X64 RyuJIT x86-64-v3; GC = Concurrent Workstation
Mean = 759.525 ns, StdErr = 45.948 ns (6.05%), N = 3, StdDev = 79.584 ns
Min = 697.752 ns, Q1 = 714.622 ns, Median = 731.492 ns, Q3 = 790.412 ns, Max = 849.332 ns
IQR = 75.790 ns, LowerFence = 600.936 ns, UpperFence = 904.097 ns
ConfidenceInterval = [-692.378 ns; 2,211.429 ns] (CI 99.9%), Margin = 1,451.904 ns (191.16% of Mean)
Skewness = 0.31, Kurtosis = 0.67, MValue = 2
-------------------- Histogram --------------------
[642.198 ns ; 787.046 ns) | @@
[787.046 ns ; 921.757 ns) | @
---------------------------------------------------

GrafoBenchmark.ConstruirAristas: Job-FGEKWY(IterationCount=3, LaunchCount=1, WarmupCount=1) [N=10]
Runtime = .NET 10.0.1 (10.0.1, 10.0.125.57005), X64 RyuJIT x86-64-v3; GC = Concurrent Workstation
Mean = 2.933 μs, StdErr = 0.050 μs (1.70%), N = 3, StdDev = 0.087 μs
Min = 2.836 μs, Q1 = 2.898 μs, Median = 2.960 μs, Q3 = 2.981 μs, Max = 3.002 μs
IQR = 0.083 μs, LowerFence = 2.773 μs, UpperFence = 3.106 μs
ConfidenceInterval = [1.354 μs; 4.511 μs] (CI 99.9%), Margin = 1.578 μs (53.82% of Mean)
Skewness = -0.29, Kurtosis = 0.67, MValue = 2
-------------------- Histogram --------------------
[2.757 μs ; 2.902 μs) | @
[2.902 μs ; 3.081 μs) | @@
---------------------------------------------------

GrafoBenchmark.ObtenerParMasLejano: Job-FGEKWY(IterationCount=3, LaunchCount=1, WarmupCount=1) [N=10]
Runtime = .NET 10.0.1 (10.0.1, 10.0.125.57005), X64 RyuJIT x86-64-v3; GC = Concurrent Workstation
Mean = 539.787 ns, StdErr = 2.538 ns (0.47%), N = 3, StdDev = 4.396 ns
Min = 534.804 ns, Q1 = 538.122 ns, Median = 541.441 ns, Q3 = 542.279 ns, Max = 543.117 ns
IQR = 4.156 ns, LowerFence = 531.888 ns, UpperFence = 548.514 ns
ConfidenceInterval = [459.581 ns; 619.993 ns] (CI 99.9%), Margin = 80.206 ns (14.86% of Mean)
Skewness = -0.32, Kurtosis = 0.67, MValue = 2
-------------------- Histogram --------------------
[530.803 ns ; 547.118 ns) | @@@
---------------------------------------------------

GrafoBenchmark.ObtenerParMasCercano: Job-FGEKWY(IterationCount=3, LaunchCount=1, WarmupCount=1) [N=10]
Runtime = .NET 10.0.1 (10.0.1, 10.0.125.57005), X64 RyuJIT x86-64-v3; GC = Concurrent Workstation
Mean = 571.130 ns, StdErr = 3.572 ns (0.63%), N = 3, StdDev = 6.188 ns
Min = 564.001 ns, Q1 = 569.140 ns, Median = 574.280 ns, Q3 = 574.694 ns, Max = 575.108 ns
IQR = 5.554 ns, LowerFence = 560.810 ns, UpperFence = 583.025 ns
ConfidenceInterval = [458.244 ns; 684.016 ns] (CI 99.9%), Margin = 112.886 ns (19.77% of Mean)
Skewness = -0.38, Kurtosis = 0.67, MValue = 2
-------------------- Histogram --------------------
[563.923 ns ; 575.185 ns) | @@@
---------------------------------------------------

// * Summary *

BenchmarkDotNet v0.15.8, Windows 11 (10.0.26100.8037/24H2/2024Update/HudsonValley)
Intel Core i7-7700 CPU 3.60GHz (Kaby Lake), 1 CPU, 8 logical and 4 physical cores
.NET SDK 10.0.101
  [Host]     : .NET 10.0.1 (10.0.1, 10.0.125.57005), X64 RyuJIT x86-64-v3
  Job-FGEKWY : .NET 10.0.1 (10.0.1, 10.0.125.57005), X64 RyuJIT x86-64-v3

IterationCount=3  LaunchCount=1  WarmupCount=1  

| Method                   | N  | Mean        | Error       | StdDev    | Gen0   | Gen1   | Allocated |
|------------------------- |--- |------------:|------------:|----------:|-------:|-------:|----------:|
| ObtenerErroresValidacion | 5  |    47.67 ns |    38.78 ns |  2.126 ns | 0.0076 |      - |      32 B |
| AgregarPersona           | 5  |   781.68 ns | 1,506.48 ns | 82.575 ns | 0.0429 | 0.0210 |     272 B |
| ConstruirAristas         | 5  |   853.32 ns |   172.96 ns |  9.481 ns | 0.1888 |      - |     792 B |
| ObtenerParMasLejano      | 5  |   238.15 ns |    18.43 ns |  1.010 ns | 0.0362 |      - |     152 B |
| ObtenerParMasCercano     | 5  |   254.12 ns |   152.16 ns |  8.340 ns | 0.0362 |      - |     152 B |
| ObtenerErroresValidacion | 10 |    44.75 ns |    13.44 ns |  0.737 ns | 0.0076 |      - |      32 B |
| AgregarPersona           | 10 |   759.53 ns | 1,451.90 ns | 79.584 ns | 0.0429 | 0.0210 |     272 B |
| ConstruirAristas         | 10 | 2,932.59 ns | 1,578.23 ns | 86.508 ns | 0.7324 |      - |    3072 B |
| ObtenerParMasLejano      | 10 |   539.79 ns |    80.21 ns |  4.396 ns | 0.0458 |      - |     192 B |
| ObtenerParMasCercano     | 10 |   571.13 ns |   112.89 ns |  6.188 ns | 0.0458 |      - |     192 B |

// * Legends *
  N         : Value of the 'N' parameter
  Mean      : Arithmetic mean of all measurements
  Error     : Half of 99.9% confidence interval
  StdDev    : Standard deviation of all measurements
  Gen0      : GC Generation 0 collects per 1000 operations
  Gen1      : GC Generation 1 collects per 1000 operations
  Allocated : Allocated memory per single operation (managed only, inclusive, 1KB = 1024B)
  1 ns      : 1 Nanosecond (0.000000001 sec)

// * Diagnostic Output - MemoryDiagnoser *


// ***** BenchmarkRunner: End *****
Run time: 00:01:52 (112.58 sec), executed benchmarks: 10

Global total time: 00:02:03 (123.81 sec), executed benchmarks: 10
// * Artifacts cleanup *
Artifacts cleanup is finished
